O
O
O
O
O
O
O
B-protein
I-protein
O
B-protein
O
O
B-cell_type
I-cell_type
I-cell_type
O
O
O
O
O
O
O
O
O
O
O
O
O
O
O

O
O
O
O
O
O
O
O
O
O
O
O
O
O
O
O
O
O
O
O
O
O
O
O
O
O
O
O
O
O
O
O
O
O
O
O
O
O
O
O
O
O
O
O
O
O
O
O
O
O
O
O
O
O
O
O
O
O
O
O
O
O
O
B-cell_type
O
O
O
O

B-protein
O
O
O
O
O
O
O
O
O
O

O
O
O
O
O
O
O
O
O
O
O
O
O
O
O
O
O
O
O
O

O
O
O
O
O
O
O
O
O
O
O
O
O
O
O
O
O
O

I-DNA
O
O
O
B-DNA
I-DNA
I-DNA
I-DNA
O
O
O
O
O
O
O
O
B-DNA
I-DNA
O
B-cell_type
I-cell_type
I-cell_type
O

B-protein
B-DNA
O
O
O
O
O
I-DNA
I-DNA
O
O
I-DNA
O
O
O
O
I-DNA
O
O
O
O
O
O
I-DNA
O
I-DNA
O
O
O
O
O
O
O
O
O
O
I-DNA
O
B-DNA
I-DNA
O

O
O
O
O
O
O
O
O
O
O
O
O
O
O
O

O
O
O
B-cell_line
O
O
B-cell_line
O
O
O
O
O
B-protein
O
O
I-DNA
O
I-DNA
O

O
O
O
O
O
O
O
O
O
I-DNA
O
I-DNA
O
O
O
O
O
O
O
O
I-DNA
O
O
O
I-DNA
O
I-DNA
O
B-protein
O
B-protein
O
O

O
O
O
O
B-protein
O
O
O
O
O
B-protein
I-protein
I-protein
I-protein
O

O
O
O
O
O
O
O
O
O
O
O
O
O
O
O
O
O
O
O
O
O
O
O
O
O
B-protein
I-protein
O
O
O
O
O
O

O
O
O
O
O
O
O
O
O
O
O
O
B-protein
I-protein
I-protein

O
O
O
O
O
O
B-protein
I-protein
I-protein
I-protein
O
B-cell_type
O
O
O
O
O
B-protein
I-protein
O

O
O
O
O
O
B-cell_line
O
B-cell_line
O
O
O
O
O
O
O
O
O
O
O
O
O
O
B-DNA
I-DNA
O
O
O
O
O
O
O
O
O
O
O
O
O
O
O
B-cell_line
I-cell_line
I-cell_line
O

O
O
O
O
O
O
O
O
O
O
O
I-cell_type
O
O
O
O
O
B-cell_type
I-cell_type
O
O
O
O
O
O
O
O
O
O
O
O
O
O
O
O
O
B-cell_type
O
O
O
O
O
B-cell_type
O
O
O
O
O
O
O
O
O
O
O

O
O
O
O
I-cell_type
I-cell_type
I-cell_type
I-cell_type
O
O
O
O
O
I-protein
O
O
O
B-protein
O
O
O
O
O
O
O
O
O
O
O
O
O
O
O
O
B-protein
O

O
O
B-protein
O
O
O
O
O
O
O
O
O
O
O
O
O
O
O
O
O
O
O
O
O

O
O
O
O
B-protein
I-protein
B-protein
O
O
O
O
O
O
O
O
O
O
O
O
O
B-protein
I-protein
B-protein
O
O
O
O
O
O
O
O
O
O
O

O
O
O
O
O
O
O
I-DNA
B-DNA
I-DNA
O
O
O
O
O
O
O
O
O

O
O
O
O
O
O
O
O
O
O
O
B-DNA
I-DNA
O
I-DNA
I-DNA
O
O
O
O
B-DNA
O
O
O
O
B-protein
I-protein
I-DNA
B-DNA
I-DNA
I-DNA
O

O
O
O
O
O
O
O
O
O
O
O
O
O
O
O
O
O
O
O
O
B-cell_type
I-cell_type
O

O
O
O
O
O
O
O
O
O
B-protein
I-protein
I-protein
O
O
O
O
O
O
O
O
O

O
O
O
O
O
B-protein
I-protein
I-protein
O
B-protein
I-protein
O
O
O
O
O
O
B-DNA
O
I-DNA
O
I-DNA
I-DNA
O
O
O

O
O
O
O
I-DNA
O
O
B-cell_type
O
O
O
O
O
O
O
O
O
O
O
O
O
O
O
O
O
O
O
O
O
O

O
O
O
O
O
O
B-DNA
I-DNA
O
O
O
O
O
O
O
I-DNA
O
O
O
I-DNA
B-DNA
I-DNA
I-DNA
O
O
O
B-DNA
I-DNA
I-DNA
O
O
O
O
O
O
O
O
O
O
O
O
O

O
O
O
O
O
O
I-protein
B-protein
I-protein
I-protein
O
O
O
O
O
O
O
O
O
O
O
O
O
O
O
O
O
O
O
B-DNA
I-DNA
O

O
O
O
O
O
O
O

O
O
O
O
B-protein
I-protein
O
O
O
O
O
O
O
O
O
O
O
O
O

O
O
O
B-protein
O
O
O
O
O
O
I-cell_line
I-cell_line
I-cell_line
I-cell_line
O
I-cell_type
I-cell_type
O
O
B-cell_line
O
B-cell_line
O
O
O
O
O
O
O
O
O
O
O
O
O

O
O
O
O
O
O
O
O
O
O
O
O
O
O
O
O
O
O
O
O
O
O
O
O
O
O
O
O
O
O
O
O
O
O
O
O
O
O
O
O

O
O
O
O
O
I-cell_type
I-cell_type
O
I-cell_type
I-cell_type
I-cell_type
O
O

O
O
O
O
O
O
O
O
O
O
O
O
O
O
O
O
O
O
O
O
O
O
B-cell_type
I-cell_line
O
O
O

O
O
B-protein
I-protein
I-protein
O
B-DNA
I-DNA
I-DNA
I-DNA
I-DNA
O

O
O
O
O
O
B-protein
O
O
O
O
O
O
O
O
O
O
B-protein
O
O
O
O
O
O
O
O
O
O
O
O
O
O
O
O
O
O
O
B-protein
I-protein
O
O
O
O

O
B-protein
I-protein
O
O
O
O
O
O
I-DNA
O
O
I-DNA
I-DNA
O
B-DNA
I-DNA
O

O
O
O
O
I-protein
O
O
O
O
O
O
O
B-DNA
I-DNA
O
O
O
O
O
O
O
O
O
O
O

O
O
O
O
O
O
O
O
O
O
B-protein
O
O
O
O
O
B-protein
I-protein
O

O
O
O
O
O
O
O
O
O
O
O
O
O
O
O
O
O
O
O
O
O
O
O
O
O
O
O
O
O
O
O
O
O
O
O
O
O
O
O
O
O
I-protein
O
O
O
O
O
O
O
O
O

B-protein
O
O
O
B-protein
I-protein
I-protein
O
B-protein
O
O
O
O
O
B-protein
I-protein
O

O
O
O
B-protein
O
O
O
I-protein
I-protein
O
O
O
O
O
O
O
O
O
O
B-protein
O
O
O
O
O
O
O
O
B-protein
O
O
O
O
I-DNA
O
O

O
O
O
O
O
O
O
O
O
O
O
I-protein
B-protein
O
O
O
O
O
O
O
I-protein
B-protein
O
I-protein
O
O
O
O
O
I-protein
O

B-protein
O
B-protein
I-protein
B-protein
I-protein
O
B-cell_type
I-cell_type
O

O
O
O
O
O
B-protein
O
O
O
B-protein
I-protein
B-protein
I-protein
I-protein
I-protein
O
I-protein
I-protein
I-protein
O

B-protein
O
O
O
O
O
I-protein
I-protein
O
I-RNA
I-RNA
I-RNA
O
O
B-cell_type
I-cell_type
O
O
O
O
O
O
O
O
O
O
O
O
O

B-protein
B-DNA
O
O
O
O
O
O

O
O
O
O
O
O
O
O
I-protein
I-protein
O
O
O
O
O

O
O
O
O
O
O
O
B-protein
I-protein
B-protein
I-protein
O
B-protein
O
O
O
O
B-protein
O
O
O
O
O
O
O
O
O
O
O

O
O
O
O
O
O
B-protein
I-protein
O
O
O
O

O
O
O
O
O
O
O
O
B-RNA
I-protein
O
I-RNA
I-RNA
O
O
O
O
B-cell_type
I-cell_type
I-cell_type
B-cell_type
I-cell_type
I-cell_type
O
O
O
O

O
O
B-protein
O
O
O
O
O
O
O
O
O
O
O
O
O
O
O
O
O
O
O
O
O
O
O
O
O

O
O
O
O
O
O
O
O
O
O
O
O
O
O
O
O
O
O
O
O

O
O
B-cell_line
I-cell_line
I-cell_line
O
O
B-DNA
I-DNA
I-DNA
O
O
O
O
O
B-DNA
I-DNA
O
O
O
O
O
O
O
O
O
O
O
O
O
O
O
O
O
O
O
O
O
I-DNA
O
O
O
O
O
O
O
O
O
O
O

B-protein
O
O
I-DNA
O
I-DNA
I-DNA
I-DNA
O
O
O
O
O
O
B-protein
I-protein
O
O
B-cell_type
I-cell_type
I-cell_type
O
B-cell_type
O

O
O
B-DNA
O
O
O
O
O
O
B-protein
I-protein
O
O
B-DNA
I-DNA
O
O
O
I-DNA
O
O
B-DNA
O
O
O
O
O
O
O
O
O

B-protein
O
O
O
O
O
O
O
O
O
B-protein
O
B-protein
O
O
O
O
O
O
O
O
O

O
O
O
O
O
O
O
B-protein
I-protein
I-protein
I-protein
O
B-protein
O
O
O
O
B-cell_line
I-cell_line
I-cell_line
I-cell_line
I-cell_line
O

O
B-protein
I-protein
I-protein
O
O
O
O
O
O
O
O
O
O

O
O
O
O
O
O
O
O
O
O
O
O
O
O
O
O

O
O
O
O
I-cell_line
I-cell_line
O
O
O
O
O
O
O
O

O
O
O
O
O
O
O
O
O
O
O
O
O
O

O
O
O
O
O
O
O
O
O
O
O
O

O
O
O
O
O
O
O
I-protein
O
B-protein
O
O
O
O
O
O
O
O
O
B-protein
O

O
B-protein
I-protein
O
B-protein
O
O
O
O
O
O
O
I-DNA
O
I-DNA
O
I-DNA
I-DNA
O
O

O
O
O
O
O
O
B-cell_line
O
O
I-cell_type
O
O
O
O
B-protein
I-protein
O
B-protein
O
O
O
O
O
O
O
O
B-protein
I-cell_line
I-DNA
O
B-DNA
I-DNA
I-DNA
O

O
O
O
O
O
B-protein
O
O
O
O
B-cell_type
I-cell_type
O
O
O
O
O
O
I-cell_line
I-cell_line
O

O
O
O
O
O
B-cell_line
O
I-cell_type
I-cell_type
O
O
O
O
O
O
O
O

B-protein
O
O
O
O
O
O
O
O
O
O
O
O

B-protein
O
O
O
O
O
O
O
O
O
O
O
O
O
O
O

O
O
O
O
O
I-cell_type
I-cell_type
O
O
O
O
O
O
O
O
B-protein
I-protein
I-protein
B-protein
O
O
O
O
O
O
O
O

O
O
O
O
B-cell_type
O
O
O
O
O
O
O
O
O
B-cell_line
I-cell_type
I-cell_type
O
O
O
O
O
O
O
O
O
O
O
O
O
O
O
O
O
O
O
O
O
O
O
O
O
O
O
O
O
O
O
O
O
O
O
O
O

O
B-cell_line
O
O
O
O
O
O
O
B-protein
O
O
O
O
O
O
O
O
O
O
O
O
O
O
O
O
O
O
O
O
O
O
O
O
O
O

O
O
O
O
O
O
B-protein
O
O
O
O
O
O
O
O
O
B-protein
I-protein
B-protein
I-protein
O
O
O
O
O

O
O
O
O
O
B-cell_type
I-cell_type
I-cell_type
O
O
O
O
O
O
O
O
O
O
O
O
O
O
O
O
O
O
O

O
O
O
O
O
O
O
O
B-cell_type
I-cell_type
I-cell_type
O

O
O
O
O
O
O
O
O
O
O
O
O
O
O
O
O
O
O
O
O
B-protein
O
O
O
O
O
O
O
O
O
O
O
O
O
O
O
O
O
O
O

O
O
O
O
O
O
O
O
O
O
O
O
O
O
O
O
O
O
O
O
O
O
O
O
O
O
O
O
O
O

O
O
O
O
O
O
O
O
O
O
O
O
O
O
O
O
O
O
O
O
O
O
O
O
B-protein
I-protein
I-protein
B-protein
I-protein
I-protein
O
O
I-protein
I-protein
O
O
O
O
B-protein
O
O
O
O
B-protein
O
O
O
O
O
O
O
O
O
O
O
O
O
O
O
O
O
O
O
O
O
I-protein
B-protein
O
O
O
O

O
O
O
B-cell_line
O
O
O
O
O
O
O
O
O
O
O
O
O

O
O
O
O
O
O
O
O
O
O
I-protein
O

O
B-protein
O
O
O
O
O
O
O
O
O
O
O
O
O
O
O
O
O

O
O
O
O
O
O
O
O
O
O
O
O
O
O
O
O
O
O
O
O
O
B-protein
I-protein
O
O
O
O
I-cell_type
I-cell_type
O
O
O
O

O
O
O
O
B-protein
O
O
O
O
O
O
O
O
O
O
O
O
O
O
O
O
O
O
O
O
O
O
O
I-protein
O
O
O
O
O
O
O
O
O
O
O
O
O
B-protein
I-protein
O
O
O

O
I-cell_type
I-cell_type
O
O
O
O
O
B-protein
O
O
O
B-protein
O
O
B-protein
I-protein
I-protein
O
B-protein
O
O
O
O
O
B-protein
O
I-RNA
I-RNA
I-protein
B-protein
O

B-protein
I-protein
O
O
O
O
O
O
O
O
B-DNA
I-DNA
B-DNA
I-DNA
B-DNA
I-DNA
B-DNA
I-DNA
I-DNA
O
O
O
O
O
O
O
O
O
B-DNA
O
O
O

O
O
O
O
O
O
O
B-protein
I-protein
O
O
O
O
B-protein
O
O
O
O
O
O
O
O
O

B-protein
O
O
B-protein
I-protein
I-protein
I-protein
O
O
O
B-protein
I-protein
I-protein
I-protein
O
O
O
O
O
B-cell_line
I-cell_type
O
O
I-cell_type
B-cell_type
I-cell_type
I-cell_type
O

O
O
I-DNA
I-DNA
O
O
B-DNA
I-DNA
O
O
O
O
O
O
O
O
B-cell_line
I-cell_line
O
O
O
O
O
O
O
B-protein
O
O
O
O

O
O
O
O
O
O
O
O
O
O
O
O
O
O
O
O

I-protein
B-protein
O
O
B-protein
O
O
O
O
B-protein
I-protein
O
O
O
B-protein
O
B-protein
O
O
O
O
B-protein
I-protein
O

O
O
O
O
O
O
O
B-protein
I-protein
O
O
O
O
O
B-cell_type
I-cell_type
I-cell_type
O
O
O
O
O
O
O
I-cell_type
B-cell_type
O
O
O
O

B-protein
I-protein
I-protein
I-protein
I-protein
O
B-protein
O
O
O
O
O
B-cell_type
I-cell_type
O
O
O
O
O
I-cell_type
O

O
O
B-protein
I-cell_line
I-DNA
O
O
O
O
O
O
O
B-protein
O
O

O
O
O
B-protein
O
O
O
O
O
O
O
B-cell_type
I-cell_type
O
O
B-protein
O
O
O
B-cell_type
I-cell_type
O
O
O
O
O
O

O
O
O
O
O
O
O
O
O
O
I-RNA
I-protein
O
O
O
O
O
O
O
O
O
O
B-protein
I-protein
O
B-protein
O
O
O
I-cell_type
O

B-protein
O
O
O
O
O
O
O
I-DNA
O
O
O
B-DNA
O
I-protein
I-protein
I-protein
O
B-protein
O
O
O
O
O
O
O
O
I-cell_type
O
O
O

O
O
O
O
B-protein
O
O
O
O
O
O
O
O
O
B-protein
I-cell_line
O
O
O
O
O
B-protein
O

O
O
O
O
O
O
O
O
O
B-RNA
I-RNA
O
B-cell_type
O
O
O
O
O

O
O
O
O
O
I-RNA
I-RNA
O
O
O
O
I-cell_type
B-cell_type
I-cell_type
I-cell_type
I-cell_type
O
B-cell_line
O
I-cell_type
I-cell_type
O
O
O
O
O
O
O
O
O
O

O
O
O
O
O
O
O
O
O
B-DNA
I-DNA
O
O
O
O
O
O

O
O
B-cell_line
O
B-cell_line
O
I-cell_line
I-cell_line
I-cell_line
O
O
O
O
O
O
O
O
O
B-DNA
I-DNA
I-DNA
O

O
O
B-DNA
I-DNA
O
B-cell_type
I-cell_type
I-cell_type
O
O
O
O
O
O
O
B-DNA
I-DNA
O

O
O
O
O
O
O
O
O
O
O
O
B-protein
O
O
O
O
O
O
O
B-protein
O
B-cell_type
I-cell_type
B-cell_type
O
O
I-cell_line
I-cell_line
I-cell_line
I-cell_line
I-cell_line
I-cell_line
O

O
O
O
O
O
O
O
O
O
O
O
B-cell_type
O
I-cell_type
I-cell_type
I-cell_type
O
O
O
O
O

O
O
O
O
O
O
O
O
O
O
O
O
O

O
O
O
O
O
O
O
O
O
B-protein
O
B-protein
O
O
O
O
O
O
O
O
O
O
O
O
O
O
O
O
O
O
O
O

I-protein
B-protein
O
O
O
O
O
O
O
O
O
B-cell_line
O
O
I-cell_type
I-cell_type
O
O
O
O
O
O
O
O
O
O
O
O
O
O
O
O
O
B-protein
O
O
O
O
O
O
O

B-protein
O
O
O
O
B-cell_line
I-cell_type
O
O
O
B-DNA
I-DNA
O
O
B-DNA
I-DNA
O
O
O
O
O
O
O
O
O
O
B-protein
O
O

O
O
O
O
O
O
O
I-DNA
O
I-DNA
O
I-DNA
O
O
O
O
O
I-DNA
O
O
O
O
O
O
O
O
B-protein
O
O
B-cell_line
I-cell_line
I-cell_line
O
O
O
O
O
O

O
O
O
O
O
O
O
O
O
O
O
B-protein
I-protein
O
O
B-protein
O
O
O
O
B-cell_line
I-cell_type
O

O
O
O
O
O
O
O
O
O
O
O
O
O
O
I-cell_type
I-cell_type
I-cell_type
I-cell_type
O

O
O
O
O
B-protein
O
O
B-protein
O
I-protein
I-protein
I-protein
O
O
O
O
O
O
O
O
O
O
B-protein
O
O
O
O
O
O
O
O
O
O
O
B-protein
O
B-protein
O
O

O
O
O
O
O
B-DNA
I-DNA
I-DNA
O
O
O
O
I-DNA
O
I-DNA
O
I-DNA
O
I-DNA
I-DNA
O
O
O
O
O
O
B-protein
O
O
O
O
O
O
O
O
O
O
O

B-protein
O
O
O
O
O
O
O
O
O
O
O
O
B-protein
O
O
O
O
O
O

O
O
O
O
O
O
B-DNA
O
O
O
O
O
O
O
O
B-DNA
I-DNA
O

O
O
O
O
O
O
B-protein
O
B-protein
I-protein
I-protein
I-protein
O
B-protein
O
O
O
O
O
O
O
O
O
O
O
O
O
O
O
B-protein
O
O

B-protein
I-protein
I-protein
I-protein
O
B-protein
O
O
O
B-protein
O
O
O
O
O
O
O
O
O

O
O
B-protein
O
O
O
O
O
O
O
O
O
O
O
O
O
O
O
O
O
O
O
B-cell_type
O
O
O
O

O
O
O
O
B-protein
I-protein
I-protein
O
O
O
O
O
O
O
O
O
O
O
O
O
O
O
B-protein
I-cell_line
I-cell_line
O
O
O
B-cell_type
I-cell_type
I-cell_type
I-cell_type
O

O
O
O
O
O
I-protein
I-protein
O
O
O
B-cell_type
I-cell_type
I-cell_type
I-cell_type
O
O
O
O
O
O
O
O

B-protein
O
O
O
O
O
O
O
O
O
O
O
O
O
B-protein
I-protein
O
O
O
O
O
O
O
O
B-protein
I-protein
O
O
O
O
O
O
O
O
O
O
O
O
O
O

I-protein
B-protein
I-protein
O
B-protein
O
O
B-protein
O
O
O
O
O
O
O
O
O
O
O
O
O
O
O
O
O
O

O
O
O
O
O
O
O
O
O

O
O
B-protein
I-protein
O
O
O
O
O
B-cell_type
I-cell_type
I-cell_type
O
O
O
O
O
O
O
O
O
O
O
O
O
O
O
O
O
O
O

O
O
O
O
O
O
O
O
O
O
B-protein
O
O
O
O
O
O
O
O
O
O
O
O
O
O
O

O
O
O
B-protein
O
B-protein
O
O
O
O
O
O
O
B-cell_line
I-cell_type
O
B-cell_line
O
O
O
O
O
O
O
O
O
O
O

B-protein
O
O
O
O
O
O
O
O
O
O
O
O
O

O
O
O
O
O
O
O
O
O
O
I-protein
O
O
O
O
O
O
O
O
O
B-protein
I-protein
O
I-protein
I-protein
I-protein
O
O
O
O
O
B-protein
I-protein
I-protein
O
B-protein
O
B-protein
O
O
B-protein
O
O
O
O
O
B-DNA
I-DNA
B-DNA
I-DNA
O

O
O
I-DNA
O
O
B-protein
I-protein
I-protein
I-protein
O
O
B-cell_type
I-cell_type
I-cell_type
B-cell_type
I-cell_type
I-cell_type
I-cell_type
B-cell_type
I-cell_type
O
O
O
O
O
O
O
O
O
O

O
O
O
O
O
O
O
O
O
O
O
O
O
O
O
O
O
O
O
O
O
O
O
B-protein
I-protein
B-protein
I-protein
O
O
O
O

O
O
O
O
O
B-protein
I-protein
O
O
O
B-cell_type
I-cell_type
O
O
O
O
O
O
O

O
O
I-DNA
O
B-protein
O
I-DNA
B-DNA
I-DNA
O
O
O
O
O
B-protein
I-protein
O
I-protein
I-protein
I-protein
I-protein
O
O
O
O
O
O
O
O
O
O
O
O

O
O
O
O
O
O
O
O
O
O
B-protein
O
O
B-protein
O
O
O
O
O
O
O
O
O
O
O
O
O
O

O
O
O
O
O
O
O
O
I-protein
B-protein
O
O
O
O
O
O
O
B-cell_line
B-protein
I-cell_line
O
B-protein
I-protein
I-protein
I-protein
O
O
B-protein
O
O
O
B-protein
O
O
O

O
O
O
O
O
O
O
O
B-protein
O
O
O
O
I-protein
O
O
O
O
O
O
B-protein
O
O
O
O
O
O
O
O
O

O
O
B-cell_line
I-cell_line
I-cell_line
O
O
O
O
O
O
O
I-DNA
O
O
O
O
O
O
O
O
O

O
O
O
O
O
O
I-cell_type
O
O
O
O
O
O
O
O
O
O
O
O
I-cell_type
I-cell_type
O
O
O
I-cell_type
O
O
O
B-cell_line
O
I-cell_type
I-cell_type
B-cell_type
O
O
O
B-cell_line
I-cell_type
O
O
B-cell_line
O
I-cell_line
I-cell_line
I-cell_line
I-cell_line
B-cell_line
O
B-cell_line
O

O
O
O
O
O
O
O
O
O
O
O
O
O
O
O
O
O
O
O
O
O
O
O
O
O
O
O
O
O
O
O
O

O
O
O
O
O
O
O
O
O
O
O
O
O
O
O
O
O
O
O
O
O
O
O
B-protein
I-protein
O

O
O
O
O
O
O
O
O
I-cell_line
I-cell_line
I-cell_line
I-cell_line
O

O
O
O
O
O
O
O
O
O
B-cell_line
I-cell_type
O
O
O
I-cell_line
I-cell_line
I-cell_line
I-cell_line
I-cell_line
I-cell_line
I-cell_line
I-cell_line
I-cell_line
I-cell_line
I-cell_line
I-cell_line
I-cell_line
O
O
O
O
O
O
O
O
O
O
O
O
O
O

O
O
O
O
O
O
O
O
O
B-cell_line
O
I-cell_line
I-cell_line
I-cell_line
I-cell_line
O
O
O
O
O
O
O
O
O
O
O
O
O
O
O

O
O
B-cell_line
I-cell_line
I-cell_line
O
O
B-cell_line
O
O
O
O
O
O
O
O
O
O
O
O
O
O
O
O
O
O
O
O
O
O
O
O
O
O
O
O
O
O
O

B-protein
O
O
O
O
B-protein
B-protein
O
B-cell_line
I-cell_type
I-cell_type
O

O
O
O
O
O
O
O
O
O
O
B-cell_line
O
O
O
O
O
O
O
O
O
I-DNA
O
O

O
O
O
O
O
O
O
O
B-protein
I-protein
O
O
O
O
O
O
O
O
O
O
O
O
O
O

O
O
O
O
O
O
O
O
O
O
O
O
O
O
O
O
O
O
O
O
O
O
O
O
O
O
O
O
O
O
O
O
O
O
O
O
O
O
O
O
O
O
O
O

O
O
O
O
O
O
O
O
O
O
O
O
O
O
O
O
O
O
O
O
O
O
O
O
O
O
O
O
O
O
O
O
O
O
O
O
O
O
O
O
I-protein
O

B-protein
I-protein
O
O
O
O

O
O
O
O
O
O
O
I-cell_line
O
O
O
O
O
O
O
O
O
O
O
O
O
O

O
O
O
O
O
O
O
O
O
O
O
O
O
O
O
O
O
O
O
O
O
O
O
O
O
O
O
O
O
O
O
O
O
O
O

O
O
O
O
O
O
O
O
B-protein
I-protein
I-protein
O
O
O
O
O
O
O
O
O
O
O
O
O
O
O
O
O
O
O
O
O
O
O
O
O
O
O
O
O
O
O
B-protein
I-protein
I-protein
O
O
O
O

O
O
O
O
O
O
O
O
O
O
O
O
O
O
O
O
O
O
O
O
I-cell_line
O
O
O
O
O
O

O
O
B-protein
I-protein
I-protein
O
B-cell_type
B-cell_type
I-cell_type
I-cell_type
O

B-protein
O
B-protein
I-protein
O
O
I-cell_type
I-cell_type
O
O
O
O
O
O

O
O
O
O
O
O
O
B-cell_type
O
O
B-cell_type
I-cell_type
O
O
O
O
O
O
O
O
O

O
O
O
O
O
O
O
O
O
O

O
O
O
B-cell_type
O
I-cell_type
O
O
O
O
O
O
O
O
O
O
O
O
O
O
O
O
O
O
O
O
O
O
O
O
O
O

O
O
O
O
O
O
O
O
O
O
O
O
O
O
O
O
O

O
O
B-protein
O
O
O
O
O
O
O
O
O
O
O
O
O
O
O
O
O
O
B-cell_line
I-cell_line
O
O
O

B-protein
O
O
O
O
O
O
O
B-cell_type
O
O
O
O
O
O
O
O
O
O
O
O
O
O
O
O
O
O
O
O
O
O
O
O
O
O
O

O
O
O
O
B-protein
I-protein
I-protein
O
B-protein
O
B-protein
O
O
O
O
B-protein
I-protein
O
B-protein
O
B-protein
O
O
O
O
O
O
O
O
O
O
O
O
O
O
O
O
O
O
O

O
O
O
O
O
O
O
O
O
O
O
O
O
O
O
O
O
O
O
O
O
O
O
O
O
O
O
O
O
O
O
O

O
O
O
O
O
O
O
O
O
O
O
O
O
O
O
O
O
O
O
O
O

O
O
O
O
I-DNA
O
O
O
O
O
O
O
O
B-cell_type
O
O
O
O
O
O
O
O
O
O
O
O
O
B-protein
O
O
O
O
O
O

O
B-protein
O
O
O
O
O
O
I-cell_type
O
O
O
O
O
O
O
O
O
O
O

O
O
O
O
B-protein
I-protein
O
O
O
B-protein
I-protein
O
O
O
O
O
O
O
O
O
O
O
O
O
O
O
O
O
O
O
O
O
O
O
I-protein
O
O
O
O
O

B-protein
I-protein
I-protein
O
O
O
O
O
O
O

B-protein
O
O
O
O
O
O
O
O
O
O
O
O
O
O
O
O
I-cell_type
O
O
O
O
O
O
O
O
O
O
O
O
O

O
O
I-cell_type
O
O
O
O
O
O
O
O
O
O
O
O
O
O
O
O
O
O
O
O
O
O
O
O
O
O
O
O
O
O
O
O
O
O
O
O
O
O
O
O
O
O
O

O
O
O
O
O
O
O
O
O
O
O
O
O
O
O
O
O

O
O
O
O
O
O
O
O
O
O
O
O
O
O
O
B-cell_line
I-cell_type
I-cell_type
O

O
O
O
O
O
O
O
O
O
O
O
O
O
O
O
O
O
O
O
O
O
O

O
O
I-cell_type
I-cell_type
O
O
O
B-protein
O
O
O
O
O
O
O
O
O
O
O
O
O
O
O
O
O
O
O
O
O
O

B-protein
I-protein
O
O
O
O
B-cell_line
I-cell_line
I-cell_line
I-cell_line
I-cell_line
O
O
O

O
I-cell_line
O
O
O
O
O
O
O
O
O
O
O
O
O
O
O
O
O
O

O
O
O
O
O
O
O
O
O
O
O
O
O
O
O
O
O

O
O
O
O
O
O
O
O
O
O
O
O
O
O
O
O
B-protein
O
O
O
O
O
O
O

O
O
O
O
O
O
O
O
O
O
O
O
O
O
O
O
O
O
O
O
O
O
O
O
O
O
O
O

O
O
O
O
I-cell_line
I-cell_line
O
O
O
O
O
O
O
B-cell_line
I-cell_line
I-cell_line
O

O
O
O
O
O
O
O
O
O
O
B-cell_type
O
O
O
O
O
O
O
O
O
O
O
O
O
O

O
O
O
O
O
O
B-protein
I-protein
O
O
O
O
O
O
O
O
O
O
O
O
O
I-DNA
O
O
O
O
O
O
O
O
O
O

O
O
O
O
O
O
O
I-cell_type
I-cell_type
I-cell_type
I-cell_type
O
O
I-protein
B-protein
O
O
O
O
O
O
O
O
O
O
O
O

O
O
O
O
O
O
O
B-protein
I-protein
O
B-protein
O
O
O
B-cell_type
I-cell_type
I-cell_type
I-cell_type
O
B-cell_type
O
O
O
O
O
O
O
O
O
O
O
O
O
O
O
O
O
O
O
O
O
O
O
O
O
O
O
O
O
O
O
O
O
O
O
O
O
O
O
O
O
O
O
O

O
O
O
O
O
O
O
O
O
B-protein
O
O
O
O
O
O
O

O
O
O
O
B-protein
O
O
O
O
O
O
O
O
O
O
O
O
O
O
O
O
B-protein
O
O
O
O
O
O
O

O
O
O
O
O
O
O
O
O
O
O
O
O
O
O
O
O

O
B-protein
O
O
O
O
O
B-protein
I-protein
I-protein
I-protein
I-protein
O

O
O
O
O
O
O
O
O
I-protein
B-protein
I-protein
I-protein
O
O
O
O
O
O
O
O
B-protein
I-protein
I-protein
I-protein
O

O
O
O
O
O
O
O
O
O
O
O
O
B-cell_type
I-cell_type
O

O
O
O
O
O
B-cell_type
I-cell_type
O
O
O
O
O
O
O
O
O
O
O
O
O
O
O

O
O
O
O
O
O
O
O
O
O
O
O
O
O
O
O
O
O
O
O
O
O
O
O
O
O
O
I-protein
I-protein
B-protein
O
O
O

O
O
O
B-protein
I-protein
O
B-cell_type
I-cell_type
O

B-protein
O
O
O
O
O
O
O
O
O
O
O
O
O
O
O
O
B-protein
I-protein
O
O
O
O
O
O
O
O
O
O
O
O

O
O
O
O
I-DNA
O
O
O
O
O
O
O
O
O
O
O
O
O
O
O
O
O
O
O
O
O
O
O
O
O
O
O
O
O
O
O
O

O
O
O
O
O
O
O
O
O
B-protein
I-protein
I-protein
O
O
O
O
O

B-protein
O
O
O
O
O
O
I-protein
O
O
O
B-protein
I-protein
O

O
O
O
O
O
O
B-protein
I-protein
B-protein
O
O
O
O
O
O
O
O
O
O
O
O
O
O

O
O
O
B-cell_type
I-cell_type
O
O
O
I-protein
O
O
O
O
O
O

O
O
O
B-cell_line
O
I-cell_type
O
O
O
O
O

O
O
O
O
O
O
O
O
O
O
O
O
O
O
O
O
O
O
O
O
O
O
O

O
O
O
O
O
O
O
O
O
O
O
O
O
O
O
O
O
O
O
O
O
B-protein
I-protein
O
O
O
O
B-cell_line
I-RNA
I-protein
O

O
O
O
O
O
O
O
O
O
O
O
O
O
O
O
O
O
O
O
O
O
O
O
O
O
O
O
I-protein
I-protein
O
O

O
O
O
O
O
B-protein
B-protein
I-protein
O
O
O
O
O
O
O
O
O
O
O
O
O
O
O
O
O
O
O
O
O
O
O
O
O
O
O
O
O
O
O
O
O
O
O

B-protein
B-DNA
I-DNA
I-protein
O
B-cell_line
I-cell_type
I-cell_type
O
B-cell_line
I-cell_type
O

O
O
O
O
O
O
O
O
O
O

O
O
O
O
O
O
O
O
O
B-protein
I-protein
O
O
O
O
O
O
O
O
O
O
O
B-cell_type
O
O
O
O
O
O
O
O
O
O
O
O
O
O
O

B-protein
I-protein
O
O
O
O
O
O
O
O
O
O
O
O
O
O

O
O
O
B-cell_type
I-cell_type
O
O
B-protein
O
O
O
O
O
I-DNA
O

O
O
O
O
O
O
O
O
O
O
O
O
B-protein
I-protein
O

B-protein
O
O
O
O
O
O
O
O
O
O
O
O
O
O
O

O
O
O
O
B-cell_line
I-cell_line
I-cell_line
O
O
O
O
O
O
O
O
O
O
O
O
O
O
O
O
O
O
I-protein
B-protein
O
O
O
O
O
O
O
O
O
O
O
O
O
O
B-protein
I-protein
I-protein
O
O
O
O
O
I-DNA
O
O
O
B-cell_line
I-cell_line
I-cell_line
B-cell_line
O

O
O
O
O
O
O
O
O
O
O
O
O
O
O
O
O
O
O
O
O
O
O
O
O
O
O
O
O
I-cell_type
I-cell_type
I-cell_type
B-DNA
O
I-cell_type
O

O
O
O
O
I-cell_type
B-cell_type
I-cell_type
O
O
O
O
O
O
O
O
O
O
O
O
O
O
O
O
O
O
O
O
O
O
O
O
O
O
O
O
I-cell_type
O
O
I-cell_line
I-cell_line
O
O
O
O
O
O
O
O
O
O

O
O
O
O
O
O
O
O
I-cell_type
O
O
O
O
O
O
O
O
O
O
O
O
O
O
O
O
O
O
O
O
O
O
O
O
O
O
O
O

O
O
O
O
O
O
O
O
I-protein
O
O
O
O
O
O
O
B-protein
O
O
O
O
O
O
O
O
O
O
O
O
O
O
O
O
O
O
O
O
B-protein
O

O
O
O
O
O
O
O
O
O
O
O
O
O
B-protein
I-protein
O
O
O
O
O
I-cell_type
I-protein
B-protein
I-cell_line
O
O
O
B-cell_line
O
O
O
O
O
O
O

O
O
O
O
O
O
O
O
O
O
I-protein
B-protein
O
B-cell_line
B-protein
I-cell_line
O
O
B-cell_type
I-cell_type
O
O
O
O
O
O
O
O
O
O
O

O
O
O
O
O
O
O
O
O
O
O
O
O
O
O
O
O
O
O
O
O
O
O
O

O
O
O
O
O
O
O
O
O
O
O
O
O
O
O
O
O
O
O
O
O
O
O
O
O

O
O
O
B-protein
I-protein
O
B-cell_type
I-protein
O

O
O
O
O
O
O
O
O
O
O
O
O
O
O
O
O
O

B-cell_type
I-cell_type
I-cell_type
I-cell_type
O
O
O
O
O
O
O
O
O
O
O

O
O
O
O
O
O
O
I-protein
B-protein
O
O
O
O
O
O
O
O
O

O
O
O
O
O
O
O
O
O
O
O
O
O
O
O
B-cell_line
O
O
O
O
O
O
O
O
O
B-protein
O

O
O
O
O
O
O
O
O
O
O
B-cell_type
I-cell_type
I-cell_line

O
O
B-protein
I-protein
O
O
O
O
O
O
O
O
O
O
O
B-protein
O
O
O
O
O
O
O
B-cell_line
O
I-cell_line
I-cell_line
O
O
O
O
O
O

O
O
O
B-protein
O
O
O
O
O
O
O
O
O
O
O
O
O
O
O
O
O
O
O
O
O
O
O
O
O
O
O

O
O
O
B-protein
O
B-protein
O
O
B-protein
O
O
O
O
O
I-DNA
I-DNA
I-DNA
O
O
O
O
B-DNA
I-DNA
O

O
O
O
O
O
O
O
O
O
O
O
O
O
O
O
O

O
O
B-protein
I-protein
I-protein
O
O
I-protein
O
I-protein
I-protein
B-protein
O
O
B-protein
I-protein
I-protein
O
B-protein
O
O
O
O
O
O
B-DNA
I-DNA
O
I-DNA
B-DNA
I-DNA
O
O
O

B-protein
O
O
O
B-cell_type
I-cell_type
I-cell_type
O
O
O
O
O
O

O
O
O
B-protein
O
O
O
O
O
O
O
O
O
O
O
O
O
O
O
I-protein
O

O
O
B-protein
O
O
O
O
O
O
O
O
O
B-cell_line
O
O
O
O
O
O

O
O
O
O
B-protein
O
O
B-protein
O
B-cell_line
O
O
O
O
O
O
B-cell_line
I-cell_line
I-cell_line
O
O
O
B-protein
I-protein
I-protein
I-protein
O
O
O
O
O
O
O
O
O
I-DNA
O

O
O
O
O
O
O
O
O
I-protein
I-protein
O
O
B-protein
I-protein
I-protein
I-protein
O
B-protein
O
O
O
O
O
O
O
O
O
O
O
O
O
O
O
O
O
I-DNA
O
O
O
O
O
O

O
O
B-cell_type
I-cell_type
I-cell_type
I-cell_type
I-cell_type
O
B-protein
O
B-protein
I-protein
I-protein
O
O
O
B-protein
O

O
O
O
O
B-protein
O
O
O
O
O
B-protein
O
O
O
O
O
O
O
B-protein
O
O
O
O
O
O
O
O
O

B-protein
O
O
O
O
O
O
B-protein
I-protein
O
O

O
O
O
O
O
O
O
O
O
O
O
O
O
O
O
O
O
O
O
O
O
O
O
O
O
O

O
O
O
O
O
O
B-protein
I-protein
O
O
O
O
O
O

B-protein
O
O
O
O
O
O
O
O
O
O
O
O
O
O
B-DNA
O
O
O

O
B-protein
O
O
O
O
O
O
I-protein
O
O
O
O
I-protein
O
O
O
O
O
O
O
O
O
O
O
O
O
O
O
O
O
O
O
O
O
B-protein
O
I-protein
I-protein
O
O
O
O
O
O
O
O
O

B-protein
O
O
O
O
O
B-protein
O
O
O
O
O
O
O
O
O
B-cell_line
I-cell_type
O
O
O
O
B-protein
I-protein
O
O
O
O
O
O
O
O
O
O
O
O
B-cell_type
B-cell_type
I-cell_type
O
O
O

B-protein
O
O
O
O
O
O
O
O
O
O
O
O
O
O
O
O
O
O
O
O
O
O
O

O
O
O
O
O
O
O
O
O
O
O
O
O
O
O
O
O
O
O
O
O
O
O
O
O
O
O
O
O
O
O
O
O
O
O
O
O

O
O
O
O
O
O
O
B-protein
O
O
O
O
B-protein
O
O
O
O

O
O
O
O
O
O
B-protein
O
O
O
O
I-protein
O
B-protein
O
B-protein
O
O
O
O
O
B-protein
O
O
O
O
O
O

O
O
O
O
O
O
O
O
O
O
O
B-protein
I-protein
O
O
O
O
B-protein
O
O
O
O
O

O
O
O
O
B-protein
O
O
O
O
O
O
O
O
O

O
O
O
O
O
O
O
O
O
O
O
O
O
O
O
O
O
O
I-DNA
O
O
I-DNA
O
O
O
O
O

O
O
O
O
O
O
O
O
O
O
O
O
O
O
O
O
O
O
O
O
O
O

O
I-cell_type
B-cell_type
O
B-cell_line
O
O
B-cell_line
I-cell_line
O
O
O
O
O
O
O
O
O
O
O
O
O
O
O
O
O
O
O
O
O
O
O
O
O
O
O
B-protein
O
O
O
O

O
O
O
B-protein
O
O
O
I-protein
B-protein
O
O
B-cell_line
O
I-cell_type
O

B-protein
O
O
B-RNA
I-protein
B-protein
O
O
O
O
O
O
O
O
O
O
O
O
O
O

O
O
O
O
O
O
O
O
B-cell_type
O
O
O
O
O
B-protein
I-protein
O

O
O
O
O
O
O
O
O
B-protein
O
O
O
B-cell_type
I-cell_type
O
O
O
O
O
B-protein
I-protein
O
O
O
B-protein
I-protein
B-protein
O

O
O
O
O
O
O
O
O
O
O
O
O
O
O
O
O
B-protein
O
O
O
O
O
O
O
O
O

O
O
O
O
O
B-cell_type
I-cell_type
O
B-cell_type
I-cell_type
O
O
O
O
B-cell_type
I-cell_type
O
B-cell_type
O
B-cell_type
O

O
B-protein
I-protein
O
B-protein
O
O
O
O
O
O
O
O
O
O
O
O
O
O
O
O
O
O
O
O
O
O
O
O
O
O
O
O
O

O
O
O
O
O
O
O
O
O
O
O
O
O
O
B-cell_type
I-protein
B-protein
O
O
O
B-cell_type
I-cell_type
O
B-protein
O
B-protein
O

B-protein
O
B-protein
I-protein
I-protein
I-protein
O
O
O
O
B-cell_type
I-cell_type
O
O
O
B-RNA
O
O
O
O
B-protein
O

B-protein
O
B-protein
O
B-protein
O
O
O
O
O
O
O

B-protein
O
O
O
O
O
O
O
B-protein
B-protein
O
O
O
O
O
O
O
O
O
B-protein
B-protein
O

O
O
O
O
O
O
O
I-DNA
O
O
O
O
O
O
O
O
O
O
O
O
O
O
O
B-cell_line
O
I-cell_line
I-cell_line
O

O
O
O
O
O
O
O
O
O
O
B-protein
I-protein
I-protein
O
O
O
B-cell_type
I-protein
B-cell_type
I-protein
O
O
O
O
O
O
O
O
O

O
O
O
O
O
O
O
O
O
O
O
O
O
O
O
O
O
O
O
O

O
O
O
O
O
O
O
O
O
O
O
O
B-protein
O
B-protein
O
O
O

O
O
O
O
O
O
O
O
O
O
O
O
O
O
O
O

O
O
O
O
O
O
I-DNA
O
I-DNA
O
I-DNA
O
O

O
O
O
O
O
O
O
O
B-protein
O
B-protein
I-protein
O
O

O
O
O
O
O
O
O
O
B-protein
I-protein
O
O
O
O
O
O
O
O
O
O
O
O
O
O

O
O
B-protein
I-protein
I-protein
O
O
O
O
I-protein
B-protein
O
B-protein
I-protein
O
O

O
B-protein
O
O
B-protein
O
O
O
O
O
O
O
O
O
O
O
B-protein
I-protein
I-protein
O
O
O
I-cell_type
O
O
O
O
O
O
O
I-cell_type
O

O
O
O
B-protein
I-protein
O
O
B-protein
O
O
B-protein
O
O
O
O
O
O
O
O
O
O
O
O
O
O
O

O
O
O
O
O
O
O
O
O
O
O
O
O
O
O
O
O
O
O
O
O
O
O
B-protein
I-protein
O
O
O
O
O
O
O
O

O
B-protein
I-protein
I-protein
B-protein
O
O
O
O
O
B-protein
I-protein
B-protein
O

O
O
O
O
O
O
B-protein
O
O
O
O
O
O
B-cell_line
O
I-cell_type
I-cell_type
O
O
O
O
O
B-RNA
I-RNA
O

O
O
O
O
O
O
O
O
B-protein
O
O
O
O
O
O
O
B-protein
I-protein
B-protein
O
I-protein
I-protein
O

B-protein
O
O
O
O
O
I-cell_line
O
O
O
O
O
O
B-cell_line
I-cell_line
I-cell_line
O
O
O
O
O
O
O
O
O
O
O
O
O
O
O
O
O
O
O
O
O
O

O
O
O
I-cell_type
I-cell_type
O
O
O
O
B-protein
O
O
O
O
B-protein
O
O
O
O

O
I-cell_type
I-cell_type
O
O
O
O
O
O
B-protein
I-protein
O
B-protein
O
O
O
O
O
O
O
O
B-protein
O
O
B-protein
O
O
O

O
O
O
O
O
O
B-protein
I-protein
I-protein
I-protein
I-protein
I-protein
O
O
O
O
O
O
O

O
O
B-protein
B-protein
O
O
O
B-protein
O
I-protein
B-protein
O
O
O
O
O
O
O
O
O
O
B-protein
I-protein
I-protein
I-protein
I-protein
I-protein
O
B-cell_type
I-cell_type
O

O
O
O
O
O
O
O
B-protein
I-protein
I-protein
I-protein
B-protein
O
B-cell_type
I-cell_type
O
O
O
O
O
O
O
O
O
O
O

B-protein
O
O
O
O
O
B-cell_type
I-cell_type
O
O
O
O
O

B-protein
O
B-protein
O
O
O
O
O
O
O
O
O
O
O
O

O
O
O
O
I-DNA
O
O
O
O
O
O
O
I-DNA
O
O
I-DNA
B-DNA
O
O
O
B-DNA
I-DNA
O
O
I-DNA
O
O
O
O
O
O
O
O
O
O
O
O
B-DNA
I-DNA
B-DNA
I-DNA
O
O
O
O
B-protein
B-DNA
O
O

O
O
O
O
O
O
O
O
O
O
O
O
O
O
O
O
O
O
O
O
O
O
O
O
O
O
O
O
O
O
O

O
O
O
O
O
O
O
O
O
O
O
O
O
O
O
O
O

O
O
O
O
O
O
O
O
O
O
O
O
O
O
O
O
B-cell_type
O
O
O
O

O
O
O
O
O
O
O
O
O
O
O
B-DNA
I-DNA
O
O
B-cell_line
O
O
O
O
O
O
O
O
O
B-protein
O
I-protein
I-protein
I-protein
O
O
O
B-protein
O
O
O
O
O
O
O
B-protein
I-protein
I-protein
O
O

B-protein
O
O
O
O
I-protein
I-protein
I-protein
B-protein
I-protein
O
O
O
O
O
O
O
O
O
O
O
B-protein
O
O
O
O
O
O

O
O
O
O
O
O
O
B-protein
O
O
O
B-protein
O
O

O
O
O
B-cell_type
I-cell_type
O
O
O
O
O
O
O
O
O
O
O
O
O
O
O
O
O
O
O
O
O
O
O
O
O
O
O
O
O
O
O
O
O
I-cell_line
I-cell_line
I-cell_line
O

O
O
O
O
O
O
O
O
O
O
O
B-protein
O
O
O
O
O
O

O
O
O
O
O
B-cell_type
I-cell_type
O
O
O
O
O
O
O
O
O
O
O
O
O
O
O
O
O
O
O
O
O

O
O
O
O
O
B-protein
O
O
O
O
O
O
O
O
O
O
O
O
O
O
O
O
O

O
O
O
O
O
O
O
O
O
O
O
O
B-protein
O
O
O
O
O
O
O

O
O
O
O
O
O
O
O
O
O
O
B-protein
O
O
O
O
B-DNA
I-DNA
O
O
O
O
O
I-DNA
O
O
O
O
O
O
O
O
O
B-DNA
I-DNA
O

O
O
O
O
O
I-protein
B-protein
I-protein
O
O
O
O
B-protein
O
O
O
B-protein
I-protein
O
O
O
I-cell_type
I-cell_type
I-cell_type
I-protein
I-protein
I-protein
O
O
O

O
O
O
O
O
O
O
O
O
O
O
O
O
O
O
O
O
O
O
O

O
O
O
O
O
B-protein
I-protein
O
O
O
O
O
O
O
O
O
O
O
O
O
O
O
O
O
O

O
O
O
O
O
O
O
O
O
O
O
O
O
O

O
O
O
O
O
O
B-cell_line
O
I-cell_line
I-cell_line
O
O
O
O
B-DNA
I-DNA
I-DNA
O
O
B-DNA
I-DNA
I-DNA
I-DNA
O
O
O
B-protein
O
O
I-protein
I-protein
O
O
B-protein
O
B-protein
I-protein
O

O
O
O
O
O
B-protein
O
O
O
O
O
O
O
O
O
O
B-cell_type
O

O
O
O
O
O
O
O
O
O
O
O
O
O
B-protein
O
O
O
O
O
O
O
O
O
O
O
O
O
B-cell_type
O
O
B-protein
I-protein
O
O
O
O
O
O
O
O
O
O

O
O
O
O
B-DNA
I-DNA
O
O
B-DNA
I-DNA
I-DNA
O
O
O
I-DNA
O
I-DNA
B-DNA
I-DNA
I-DNA
O

O
O
O
O
O
O
O
O
O
O
O
O
I-DNA
I-DNA
O
O
O
O
O
O
O
O
B-protein
O
O
O
O
O
O
O
O
O

O
O
O
O
O
O
O
O
O
O
O
O
O
O
O
B-protein
I-protein
O
B-protein
O

O
O
I-cell_line
I-cell_line
I-cell_line
I-cell_line
O
O
O
O
O
B-protein
I-protein
O
O
O
O
O
O
O
O
O
O
O
O
O
O
O
B-protein
O
O
O

I-protein
B-protein
O
O
O
B-cell_type
I-cell_type
I-cell_type
B-cell_type
I-cell_type
I-cell_type
O
O
O

O
O
O
B-protein
O
O
B-protein
O
O
O
O
B-protein
I-protein
I-protein
I-protein
O
O
B-protein
I-protein
I-protein
B-protein
O
B-protein
O
O
B-protein
O
I-protein
O
O
O
O
B-protein
O

O
O
O
O
O
O
O
O
O
O
O
O
O
O
B-protein
O
O
O
O
O
O
O

O
O
O
B-protein
O
O
O
O
O
O
O
O
I-protein
O
O
O
O
O
O
O
O
O
B-cell_type
I-cell_type
O
O
O
O
O
O
O
O
O
I-cell_type
I-cell_type
O
O
O
O
O

I-protein
B-protein
O
O
O
B-protein
O
O
O
O
O
B-DNA
I-DNA
B-DNA
I-DNA
I-DNA
O

B-protein
O
B-protein
O
O
O
O
O
I-cell_line
O
O
O
O
O
O
O
B-protein
O
O
O
O
O
O
O
O
O
O
B-protein
O

O
O
O
O
O
O
O
O
O
O
O
I-protein
I-protein
B-protein
O
O
O
O

O
O
O
O
O
O
O
O
O
O
O
O
O
O
O
O
B-protein
I-protein
I-protein
O
O
O
B-protein
I-protein
I-protein
I-protein
I-protein
O
I-protein
I-protein
I-protein
O

B-protein
O
O
O
O
O
O
O
O
O
O
O
O
O
O
O
O
O
O
O
O
O
O
O
O
O
O
O
O
O
O
O
O
O
I-cell_type
I-cell_type
I-cell_type
O
O
O
O

O
O
O
O
O
O
O
O
O
O
O
B-protein
I-protein
B-cell_type
B-DNA
O
O
O
O
O
O
O
O
O
O
O

B-protein
O
O
O
O
O
O
O
O
O
O
O
O
O
O
O

B-protein
O
O
O
O
O
O
O
O
O
O
O
O
O

B-protein
B-DNA
O
O
O
O
O
O
O
O
O
O
B-DNA
I-DNA
O
O
O
I-DNA
I-DNA
O

O
O
O
O
I-cell_line
O
O
O
O
O
O
B-DNA
I-DNA
I-DNA
O

B-protein
O
O
O
O
B-cell_type
I-protein
B-cell_type
O
O
O

O
B-cell_type
B-cell_type
I-cell_type
O
O
O
O
O
O
O
O
O
O
O
I-DNA
O
I-DNA
B-DNA
I-DNA
I-DNA
O
I-DNA
O
O
O
O
O
O
I-cell_type
I-cell_type
B-cell_type
I-cell_type
O
O
O

B-protein
O
O
O
O
O
O
O
O
O
O
O
O
O
O
O
O
O
O
O
O
O
O
O
O
O
O
O

O
O
O
O
O
O
O
O
O
O
O
O
O
O
O
O
O
O
O
O
O
O
O
O

O
O
O
O
O
O
O
B-RNA
I-RNA
O
O
O
I-cell_type
I-cell_type
I-cell_type
O
O
O
O
O
O
O
O
O
O
O
O
O
O
O
I-DNA
O

O
O
O
O
O
B-protein
I-protein
I-protein
O
O
O
O
O
O
O
O
O
O
O
O
O
O
O
O
O
B-protein
O
O
O
O
O
O
O
O
O
O
O
O
O

O
O
O
O
O
O
O
O
O
O
O
O
O
O
O
O
O
O
O
O
O
O
O
O
O
O

O
O
O
O
O
O
O
O
B-protein
O
O
B-cell_type
I-cell_type
I-cell_type
O

O
O
O
O
O
O
O
O
O

B-protein
O
O
O
O
O
O
O
O
O
O
O
O
O
O
O
O
O
O
O

O
B-protein
I-protein
I-protein
O
O
O
O
O
O
O
O
O
O
O
O
O
O
O
O
O
O
O
O
O
O
O
O
O
O
O
O
O
O
O
O
O
O
O

O
O
O
O
O
O
O
B-protein
O
O
O
O
O
O
O
I-protein
I-protein
I-protein
O
B-protein
O
O
O
O
O

O
O
O
O
O
O
B-protein
I-protein
I-protein
O
B-protein
O
O
I-DNA
O
I-DNA
O
O
O
O
O
O
O
O
O
O
O
O
B-protein
I-protein
B-protein
O
O
O
O
O
O
O
O
B-DNA
I-DNA
O
O
O

O
O
O
O
O
O
B-cell_line
O
O
B-cell_type
I-cell_type
O
O
O
O
O

O
O
O
O
O
O
O
O
O
O
O
O
O
O
O
O
O
O
O
O
O
O
O
O
I-protein
I-protein
I-protein
O
O
O
O
O
B-protein
O

B-protein
O
B-protein
I-protein
O
O
O
O
O
O
O
O
O
O
O
O
O
O
O
O
O
I-DNA
B-DNA
I-DNA
O

O
O
O
O
B-protein
O
B-protein
O
O
O
O
O
O
O
O
O
O
O
O
O
B-protein
O
O
O
O
O
B-protein
O
I-RNA
I-RNA
I-RNA
I-protein
B-protein
B-DNA
O
I-protein
I-protein
B-protein
O
O

O
O
O
O
O
O
O
O
O
O
O
O
O
B-DNA
I-DNA
I-DNA
O
B-DNA
I-DNA
I-DNA
I-DNA
O

B-protein
O
O
O
O
O
O
O
O
O
O
O
O
O
O
O
O
O
O
O
O
O
O
B-protein
I-protein
O
O
O
O
O
O
O
O
O
O
O
O
O

O
O
O
O
O
O
O
O
O
B-cell_type
O
O
O
O
O
O
O
O
O
O
O
O
O
O
O
O
O
O
O
O
O
O
I-cell_type
O

O
O
O
O
O
O
B-protein
O
O
O
O
O
O
O
O
O
O
O
O
O
O
O
O
O
O
O
B-protein
O
O
O
O
O
O
O
O
O
O
O
O
O

O
O
O
O
O
O
O
B-protein
O
O
O
O
O
O
B-protein
I-protein
I-protein
O
O
O
O
O
O
B-protein
O
O
O
O
O
O
O
O
O
O
O
O
O
O
O
O
O
O

O
O
O
O
O
O
O
O
O
O
O
O
O
O
O
O
I-protein
I-protein
B-protein
O
O
O
O
O
O
O
O
O
O
O
O
O
O
O
O
O
O
O
O
O
O
O
O
O
O
O
O
O
O
O
O
O
O
O
O
O
O
O
O
O
O
O
O
O
O
O
O
O
O
O
O
O
O
O
O
O

B-protein
O
O
O
O
O
O
O
B-protein
O
O
O
O
O
O
O

O
O
O
O
O
B-protein
O
O
O
O
O
O
O
O
O
I-DNA
O
O
O
O
O
O
O
O
O

O
B-protein
B-protein
I-protein
O
O
O
O
O
O
O
O
O
O
O
O
O
O
O
O
O
O
O

B-protein
O
O
O
B-protein
I-protein
O
O
O
O
O
B-protein
O
O
O
B-protein
O
O
O
O
O

O
O
O
O
O
O
O
O
O
O
O
O
O
B-protein
I-protein
O
O
O
I-protein
O
O
O
O
O
O
O
O
B-protein
I-protein
B-protein
O
O
O
O
O
O
O
O
O
O
I-cell_type
I-cell_type
O
O
O
O
O
O

B-protein
I-protein
B-protein
I-protein
O
B-protein
O
O
O
O
O
O
O
O
B-protein
O
O

O
O
O
O
O
O
O

O
O
O
O
O
O
O
O
O
O
O
O
O
O
I-protein
O
O
O
O
O
O
B-protein
O
O

O
O
O
O
B-protein
O
O
I-protein
O
B-protein
O
B-protein
O
O
O
I-protein
I-protein
I-protein
O
O
O
O
B-protein
O
O
O
O
O
O
O
O
O
O
O

B-protein
O
O
O
O
O
O
O
O
O
O
O
O
O
O
B-protein
I-cell_line
I-DNA
O
O
O
O

O
O
O
O
B-protein
O
B-protein
O

O
O
O
B-protein
O
B-protein
O
O
O
O
O
O
O
O
O
O
O
O
O
O
B-protein
O
B-protein
O
O
O
O
O
O
O
O
O
O
O
O
O

O
B-cell_line
O
I-cell_type
I-cell_type
I-cell_type
O
O
O
O
I-cell_line
I-cell_line
I-cell_line
I-cell_line
I-cell_line
I-cell_line
I-cell_line
I-cell_line
I-cell_line
O
O
I-cell_type
I-cell_line
I-cell_line
I-cell_line
I-cell_line
I-cell_line
I-cell_line
I-cell_line
I-cell_line
I-cell_line
O

O
B-cell_line
O
I-cell_type
I-cell_type
I-cell_type
O
B-protein
O
O
O
O
O
O
O
O
O
O

O
O
O
O
O
O
O
O
O
O
O
O
O
O
O
O
O
B-RNA
O
B-protein
O
B-protein
O
O
B-protein
O
B-protein
I-protein
I-protein
O
B-protein
O
O
O
B-protein
O
O
O
O
O
O
O

O
O
O
O
O
O
O
O
O
O
O
O
O
I-protein
B-protein
O
O
B-protein
O

B-protein
O
O
O
O
O
O
I-cell_type
I-cell_type
O
O
O
O
O
O
B-cell_type
O
O
O
O
I-cell_type
I-cell_type
O

B-protein
O
O
O
O
O
O
O
O
O
O
B-protein
O
O
O
O
I-cell_type
I-cell_type
O
O
O
O
O
O
O
I-DNA
O
O
O

O
O
B-protein
O
O
O
O
B-protein
I-protein
O
O
B-cell_line
O
I-cell_type
O

O
O
O
O
O
O
O
O
O
O
O
O
O
O
O
O
O
I-DNA
O
O
O
O
O
B-protein
O
O
O

B-protein
O
B-protein
O
O
B-protein
O
O
O
O
O
O
O
O
O

O
O
O
I-cell_type
B-cell_type
I-cell_type
I-cell_type
O
O
O
O
B-protein
O
O
O
O
B-protein
O
O
O
O
O
O
O
B-cell_line
I-cell_type
I-cell_type
I-cell_type
O
O
B-protein
I-protein
I-protein
O

I-protein
B-protein
I-protein
O
B-protein
O
O
O
O
B-cell_type
I-cell_type
I-cell_type
O
O
O
I-cell_line
I-cell_line
I-cell_line
I-cell_line
I-cell_line
I-cell_line
I-cell_line
I-cell_line
O
O
O

O
O
O
O
O
B-cell_type
I-cell_type
I-cell_type
O
O
O
O
O
B-cell_type
B-cell_type
I-cell_type
O
O
O
B-protein
O

O
O
O
B-cell_line
B-protein
I-cell_line
I-cell_line
I-cell_line
I-cell_line
I-cell_line
I-cell_line
I-cell_line
I-cell_line
I-cell_line
I-cell_line
I-cell_line
I-cell_line
I-cell_line
I-cell_line
I-cell_line
I-cell_line
O
O
O
O
O
O
O
O
O
O
O
O
O

O
O
O
O
O
O
I-DNA
O
O
O
O
O
O
O
O

O
O
O
O
O
O
O
O
O
O
O
O
O
O
O

O
O
O
O
O
O
O
O
O
O
O
O
O
O
O
O
O
O
O
O
O
O
O
O
O
O
O
B-cell_type
I-cell_type
O

O
O
O
O
O
O
O
O
O
B-protein
I-protein
I-protein
O
O
O
O
B-protein
O
O
B-protein
O
O
O
O
B-DNA
I-DNA
I-DNA
O

O
O
O
O
O
O
O
O
O
O
O
I-DNA
O
O
O
O
O
O
O
O
O
O
O
O
O
B-protein
O
O
O
O

O
O
O
O
O
O
O
O
O
O
O
O
O
O
O
O

O
O
O
O
B-cell_type
O
O
O
O
O
I-protein
O
O
O
O
O
B-protein
I-protein
I-protein
I-protein
I-DNA
O
O
B-protein
I-protein
O
O
B-protein
I-protein
B-protein
I-protein
O

O
O
O
O
O
I-protein
O
B-cell_line
I-cell_line
I-cell_line
O
B-protein
O
O
B-protein
O
O
O

O
O
O
O
O
O
O
O
O
O
B-protein
I-protein
I-protein
O
O
B-protein
O
O
B-DNA
I-DNA
O

O
O
B-cell_line
O
I-cell_type
I-cell_type
O
O
O
O
O
O
O
O
O
O
O
O
O
B-cell_type
O
O
O
O
O
O
O
O
O
O
O
O
O
O
O
O
O
B-protein
O
O
O
O
O
O
B-protein
O
O
O
O
O

O
O
O
O
B-cell_type
I-cell_type
I-cell_type
O
O
O
O
O
O
O
O
O
O
O
O
O
O
O
O
O
O
O
O
O
O
O
O
O
O
O
O
O
O
O
O

O
O
O
O
O
O
O
O
O
O
I-DNA
O
O
O
O
O
O
O
O
O
O
O
O
O
O
O
O
O
O

O
O
O
O
O
O
O
O
O
O
O
O
O
O
O
O
O
O
O
O
O
O
O
O
O
O
O

O
O
O
O
O
O
O
O
O
O
O
O
O
O
O
O
O
O
O
O
O
O
B-cell_type
O
O
O
O
O
O
O
O
O
O
O
O
O

O
O
O
O
O
O
B-cell_line
O
I-cell_line
I-cell_line
I-cell_line
I-cell_line
I-cell_line
I-cell_line
O
O
O
O
I-cell_type
I-protein
O
O
O
O
O
O
O
O
O
O
O
O
O
O
O
I-cell_type
O
O
O
O
O
O
O

O
O
O
O
O
O
O
O
O
I-protein
O
O
O
O
O
O
O

O
O
O
O
O
O
O
O
O
O
B-RNA
I-protein
I-protein
O
I-RNA
I-RNA
I-RNA
I-RNA
O
O
O
O
O
O
I-DNA
O
O
O
O
O
I-DNA
O
I-DNA
B-DNA
I-DNA
O
O
O
O
O
O
B-cell_line
I-cell_line
I-cell_line
O
O
O
O
O
O
O

O
O
O
O
O
O

O
O
O
O
O
O
O
O
O
I-protein
O
O
O
O
O
O
I-protein
I-protein
O
O
O
O
O
O
O
O
O
O
O
O
O
O
O
B-protein
O
O
O
O
O
O
O
O
O
O
O
O
O
O
O

O
O
O
O
O
I-protein
I-protein
O
B-protein
O
O
O
O
O
O
O
O
O
O
B-protein
O
O
I-DNA
O

B-protein
O
O
B-DNA
I-DNA
O
O
B-protein
I-cell_line
I-DNA
O
O
O
I-DNA
I-DNA
O

O
O
O
O
O
O
O
B-protein
I-protein
O
O
O
O
O
O
O
O
O
O
O
O
O
O
O
O
O
O
O
B-protein
O
O
O
O
I-protein
B-protein
O
O
O
B-DNA
I-DNA
O

O
O
O
O
O
O
O
B-cell_type
I-cell_type
O
B-cell_type
O
O
O
O
O
O
O
O
O
O
O
O
O
O
O
O
O
O

O
O
O
O
O
O
O
O
O
O
O
O
O
O
O
O
O

O
O
O
O
O
O
O
O
O
O
O
O
O
O
O
B-protein
O
O
O
O
O
O
O
O
O
O
O
O
O
O
O
O
O
O
O
O
O
O
O
O
O
O
O
O
O
O
O
O
O
O
O
O
O
O
O
O
O
O
O
O
O
I-cell_type
O
O
O
O
O
O
O
O
O
O
O
O
O
O
O
O
O
O
O
O

O
O
O
O
O
O
O
O
O
O
O
O
O
O
O
O
O
O
O
O
B-protein
I-protein
O
O
O
O

O
O
O
O
O
O
O
O
O
O
B-cell_type
O
O
O
O
O
O
B-protein
I-protein
I-protein
B-protein
O
O
O

B-protein
O
O
O
O
O
B-protein
I-protein
O
B-protein
I-protein
O
O
O
O
O
O
B-cell_type
O
I-cell_type
I-cell_type
I-cell_type
O
O
O
O
O
O
O
O
I-cell_type
I-cell_type
I-cell_type
O
O
O
O
O

O
O
O
O
O
O
O
O
O
O
O
O
O
O
O
B-DNA
O
O
O
B-cell_type
I-cell_type
I-cell_type
I-cell_type
O

O
O
O
O
O
O
O
O
O
B-protein
O
O
O
O
O
O
O
O
O
O
O
O
O
O
O
B-protein
I-protein
O
O
O
O
O

O
O
O
O
O
O
O
I-cell_type
I-cell_type
I-cell_type
O
O
O
O
B-RNA
I-protein
O
O
O

B-protein
O
O
O
O
O
O
O
O
B-protein
O
O
O
O
O

B-protein
O
O
O
O
O
O
O
O
O
B-protein
O
O
O
O
O
O
O
O
O
O
O
O
O
O
O
O
O
I-protein
I-protein
B-protein
B-DNA
O
I-DNA
O
O
O
O
O
O

O
O
O
O
O
O
O
O
O
O
O
O
O
O
O
O
O
O
O
O
B-cell_line
O
I-cell_type
O

O
O
O
O
O
O
B-protein
I-protein
O
O
O
O
O
O
O
O
O
O
O
O
O
O
O
O
O
O

O
O
O
O
O
O
O
B-protein
I-protein
I-protein
I-protein
I-protein
I-protein
I-protein
O
O
O
B-DNA
O
O
B-DNA
O
O
O
O
O
O
I-cell_line
I-cell_line
O
O
O
O
O

O
O
O
B-protein
O
B-protein
O
O
O
O
O
O
O
O
O
O
O
O
O
O
O
O
O
O
O
O
O
O
B-protein
O
O
O
O
B-protein
O
B-protein
O

O
O
O
O
O
O
O
O
B-protein
O
O
O
O
O
O
O
O
I-DNA
O
O
O
O
O
B-protein
O
O
O
O
O
O
O

O
B-protein
O
O
I-DNA
B-DNA
I-DNA
B-DNA
I-DNA
O
O
O
O
O
O
O
O
O
O
O
O
B-protein
O
O
O
O
O
O
O
O
O

O
O
O
B-protein
B-DNA
I-DNA
O
O
O
O
O
O
O
O
O
O
O
O
O
O
O
O
O
O
O
O
O
O
O
O
O
O
O
O
O
O
O
O
O
O
O
O
O
O
O
O

O
O
O
B-protein
O
O
O
O
O
O
O
O
O
O
O
O
O
O
O
I-cell_type
B-cell_type
O

O
O
O
O
O
O
O
O
O
O
O
O
O
O
O
O
O
I-cell_type
I-protein
O
B-cell_line
I-cell_type
I-cell_type
I-cell_type
I-cell_type
I-cell_type
I-cell_type
O

O
O
O
O
O
O
O
B-cell_type
I-cell_type
O
O
O
O
O
O
O
O
O
O
O
O
O
O
O
I-cell_type
O
O
O
O
O
O
O
O
O
O
O
I-cell_line
O
O
O
O
O
O
I-protein
O
O
O
O
O
O

O
O
O
B-cell_line
O
I-cell_line
I-cell_line
I-cell_line
O
O
O
B-protein
O
O
O
O
I-RNA
I-RNA
O

O
O
O
O
B-protein
O
O
O
I-DNA
O
I-DNA
I-DNA
I-DNA
O
B-protein
O
O
O
O
O
I-cell_line
I-cell_line
I-cell_line
I-cell_line
I-cell_line
I-cell_line
O
O
O
B-protein
O
O
O
O
O
O
O
O
O
O
O
O
O
B-cell_line
O
O

B-protein
O
O
O
O
O
O

O
O
O
O
O
O
O
O
O
O
O
O
O
O
O
O
I-DNA
O
O
O
O
O

O
O
O
O
O
O
O
O
O
O
B-cell_type
I-cell_type
O
O
O
O
O
O
O
O
O
O
O
O
B-DNA
O
O

O
O
O
O
O
O
O
O
O
O
O

O
O
O
O
O
O
O
O
O
O
O
O
O
O
O
O

O
O
O
O
O
B-DNA
I-DNA
O
B-protein
O
O
O
O
O
O
O
I-DNA
I-DNA
O
O
O
O
O
O
O
O

O
O
O
B-cell_line
I-cell_type
O
O
O
O
B-protein
I-protein
O
O
O
O
O
O
O
O
O
O
O
O
O
O
O

O
O
O
O
O
O
O
O
O
O
O
O
O
O
O
O
O
O
I-protein
O

O
O
O
O
O
I-DNA
O
O
O
O
O
I-cell_type
I-cell_type
O
O
B-protein
I-protein
I-protein
O
B-protein
O
O
O
O

O
O
O
O
O
O
O
O
O
O
O
O
O
O
O
O
B-protein
O
O
O
O
O
O

O
B-protein
O
O
O
O
O
O
O
O
O
O
O
O
O
B-protein
O
O
O
O
B-protein
O
O
O
O
O
O
O
O
O
O
O
O
O
O
O
O
O
O
O
O
O
O
O
O
O

O
O
O
O
O
O
O
O
O

O
O
O
O
O
O

B-protein
O
O
B-cell_type
O

O
O
O
O
O
O
O
O
O
B-protein
O
O
B-protein
O
O
O
O
O
O
O
O
O
O
O
O
O
O
O
O
O
B-protein
O
O
O
O
O

O
O
O
O
O
O
O
O
B-protein
B-protein
O
O
O
O
O
O
O
O
O
O
O
O
B-protein
O

O
O
O
O
B-protein
O
O
O
O
O
O
O
O
O
O
O
O
O
O
O
O
O
O

O
B-cell_line
O
I-cell_line
I-cell_line
I-cell_line
I-cell_line
I-cell_line
I-cell_line
I-cell_line
I-cell_line
I-cell_line
I-cell_line
I-cell_line
I-cell_line
I-cell_line
O
O
O
O
O
O
O
O
O
O
O
O
O
O
O
O
O
O
B-protein
O
O
O
O
O
O
I-cell_type
O
O
O
O
O
O
O
O
O
O
O
O
O
O
O

O
O
O
O
O
O
O
B-protein
O
I-RNA
I-RNA
I-RNA
O
O
O
B-protein
I-cell_line
B-cell_type
I-cell_type
I-cell_type
O

B-protein
O
O
O
O
O
O
I-cell_type
I-cell_type
I-cell_type
O
O
O
O
O
O
O
O
O
I-protein
I-protein
O

O
O
O
O
O
O
O
O
O
O
O
O
B-protein
O
O
O
B-protein
B-protein
O
O
O
O
O
O
O
O
O

B-protein
O
O
B-protein
O
O
B-cell_line
O
O
O
O
O
O
O
B-RNA
I-protein
O
O

O
O
O
O
O
O
O
O
O
O
O
O
O
O
O
O
O
O
O
O

O
B-protein
O
O
O
B-cell_line
O
O
O
O
O
B-protein
I-protein
I-protein
I-protein
O
O
O
O
O
O
B-protein
I-protein
I-protein
O
O
O
O
O
O
B-protein
O
O
B-cell_type
I-cell_type
O

O
O
B-protein
B-protein
O
O
O
B-protein
O
O
O
O
O
B-protein
O
O
O
O
O
O
O

I-protein
B-protein
I-protein
I-protein
I-protein
O
O
O
B-cell_type
I-cell_type
O
O
O
O
O
O
O
O

O
O
O
O
O
O
O
O
B-protein
I-protein
I-protein
I-protein
O
O
O
O
O
O
O
O
O
O
O
O
O
B-protein
I-protein
B-protein
B-DNA
O
O

O
O
B-cell_type
I-cell_type
O
O
O
O
O
O
O
O
O
O
O
I-protein
I-protein
O

B-protein
O
O
O
O
O
O
O
O
B-protein
I-protein
O
B-cell_type
I-cell_type
O
O
O
O
O
O
B-protein
I-protein
O
O
O
O
O
O
O
O
O

B-protein
I-cell_line
B-cell_line
O
B-cell_type
I-cell_type
O
O
O
B-cell_line
O
O
O
O
O
O
I-protein
I-protein
B-protein
O
O
O
O
O
I-protein
B-protein
I-protein
O
O
O

B-protein
O
O
O
B-cell_type
I-cell_type
O
O
O
O
O
B-protein
O
O
O
B-protein
I-protein
I-protein
O
O
I-protein
B-protein
O
B-protein
O
O

O
O
O
B-cell_type
I-cell_type
O
B-protein
O
B-protein
O
O
O
O
O
O
O
O
O
O
O
O
O
O
B-cell_type
I-cell_type
O
B-protein
O
O
O
O
O
O
O

O
O
O
O
O
O
O
O
O
O
O
O
B-DNA
O
O
O
O
O
B-DNA
I-DNA
I-DNA
B-DNA
O
O
O
O
B-protein
O
I-protein
O
O
B-cell_line
I-cell_line
I-cell_line
O
O
O
O
O

O
O
O
O
O
O
B-DNA
O
O
O
O
O
O
O
O
O
O

O
O
O
O
O
O
O
O
O
O
O
O
O
O

O
O
O
O
O
O
B-protein
O
O
O
B-protein
O
O
O
O
I-protein
I-protein
I-protein
O
O
O
O
O
O
O
O
O
O
O
O
O
O
O
O
O

O
O
B-protein
I-protein
I-protein
B-protein
I-protein
I-protein
I-protein
O

O
O
O
O
B-protein
O
I-protein
I-protein
O
B-protein
O
O
O
O
O
O
O
O
O
O
O
B-protein
I-protein
O
O
B-cell_type
I-cell_type
O
O
O
O
O
O
O
O
O
O
O
O
O
O
O
O
B-protein
I-protein
O

O
O
O
O
O
O
O
O
O
O
O
O
O
O
O
O
O
O
O
O
O
B-protein
I-protein
I-protein
I-protein
B-protein
O
B-protein
O
O

O
O
O
O
O
O
O
O
O
O
O
O
B-cell_line
I-cell_type
O
O
O

O
O
O
O
O
O
O
O
O
O
O
O
O
O
O
O
O
O
O
O
O
O
B-protein
B-protein
O
O
O
O
O
O
O
O
O
O
O
O
O
O
O
O
O
O
O
O

B-protein
O
O
O
O
O
O
O
O
O
O
B-cell_line
O
I-cell_type
I-cell_type
O
O
B-cell_line
O
O
O
O
B-cell_type
I-cell_type
B-cell_type
O
O
O
I-cell_type
O
B-cell_type
O
B-cell_type
O
O
O
O
O
O
O
I-protein
I-protein
O
O
O
O
O
O
O
O
I-cell_type
O
O
O
I-protein
B-protein
O
O
O
O
O
I-protein
I-protein
O

B-protein
I-protein
B-protein
O
O
B-cell_type
I-cell_type
I-cell_type
O
O
O
B-protein
O
O
O
O
O

O
O
O
O
O
O
B-protein
I-cell_line
I-protein
O
O
O
O
O
B-protein
O
B-protein
O
O
O
B-protein
O
O
O
I-protein
I-protein
O

O
O
O
O
O
O
O
O
O
O
O
O
O
O
O
O
O
O
O
O
O
O
O

O
O
B-cell_line
I-cell_line
O
B-protein
O
O
O
O
O
O
O
O
O
O
O
O
O
O
O
O
O
O
O

O
O
O
O
O
O
O
O
B-protein
O
O
O
O
O
B-cell_type
O
O
O
O
O

B-protein
O
O
O
O
B-protein
I-protein
I-protein
I-protein
B-protein
I-protein
I-protein
I-protein
O
O
O
O
O
O
O
O
O
O
O
O
O
O
O
O
O
O
O
B-cell_type
I-cell_type
O
O
O
O
O
O
O
O
O
O
O
O
O
O
O

O
O
O
B-protein
O
O
O
O
B-DNA
I-DNA
O
O
B-protein
O
O
O
O
I-DNA
B-DNA
I-DNA
O

O
O
O
O
O
O
O
O
O
O
O
O
O
O
O
O
O
O
B-protein
B-DNA
O
O
O
O
O
O
O
O

O
O
O
O
O
O
O
O
O
O
O
O
O
O
O
O
O
O
O
O
O
O
O
O
O
O
O
O
O
O
O
B-protein
O
O
O
O
O
O
O
O
O
B-cell_line
I-cell_type
I-cell_type
O

B-protein
O
O
O
O
O
O
O
O
O
O
O
O
O
O
O
O
O
O
O
O
O
O
O
O
O
O
O
O
O
O
O
O
O
O
O
O
O
O
O

B-protein
O
O
O
O
O
O
O
O
O
O
B-RNA
I-RNA
O
O
B-cell_type
I-cell_type
O

O
O
O
O
B-protein
O
O
O
B-protein
O
O
B-protein
I-protein
B-protein
O
O
O
O
O
O
O
O
O
O
O
O
O
O
O
O

O
O
O
O
O
B-protein
I-cell_line
I-DNA
O
O
B-DNA
I-DNA
I-DNA
O
O
O
O
O
O
O
I-cell_type
I-cell_type
B-DNA
O
O
O

O
O
O
O
O
O
O
B-cell_line
O
O
O
O
O
O
O
O
O
O
O
O
O
O
O
O
B-cell_line
O
O
O
O
O
O
O
O
O
O
O
O
O
B-cell_type
O

B-protein
O
O
O
O
O
O
O
O
O
O
O
O
O
O
O
O
O
O
O
O
O
O
O

O
O
O
B-protein
O
O
O
O
O
B-protein
O
O
O
B-cell_type
O
O
O
O
O
O
O
O
O

O
O
O
O
O
I-DNA
O
O
O
O
O
I-DNA
I-protein
I-protein
O
O
O
O
B-DNA
O
O
O

O
O
O
O
B-protein
O
O
O
O
O
O
B-protein
B-protein
O
O

O
O
O
O
O
O
O
O
O
O
O
O
O
O
B-cell_line
O
I-cell_line
I-cell_line
I-cell_line
O
O
O
O

O
O
O
O
O
O
B-cell_type
O
O
O
O
O
O
O
O
O
O
O
O
O
O
O
O
O
O
O
O
O
O
O
O
O
O
O
O

B-protein
B-DNA
O
O
B-protein
O
O
O
B-protein
I-protein
O
O
O
O
O
O
O
B-protein
I-protein
O
O
O
O
O
B-cell_line
O
O
O
O
O
O
O

O
B-protein
I-protein
B-protein
O
O
O
O
O
O
O
O
O

O
O
O
B-protein
I-protein
I-protein
O
O
O
O
O
B-protein
I-protein
O
O
O
O
O
O
O
O
O
B-protein
O
B-cell_type
I-cell_type
I-cell_type
O
O
O
O
B-cell_type
I-cell_type
O
O
O
O

B-cell_type
O
B-cell_type
I-cell_type
O
B-protein
O
O
O
O
O
O
O
O
O
B-protein
I-protein
O

O
O
O
O
O
O
O
O
O
O
O
O
O
O
O
O
O
O
O
O
B-protein
O
O
O
O
O
O
O
I-protein
O
O
O
O
O
O
O
O
O
O
O
O
O
O
O

O
O
O
O
O
O
O
O
O
O
O
O
O
O
O
O
O
O
O
O
O
O
O
O
O
O
O
O
O
O
O
O
O
O
O

O
O
O
O
O
I-DNA
B-DNA
I-DNA
B-DNA
I-DNA
I-DNA
O

O
O
O
O
O
O
O
O
O
O
O
O
O
O
O
O
O
O
O
O
O
O
O
O
B-protein
O
O
O
O
O
O
O

O
O
O
O
O
O
O
O
O
O
O
O
O
O
O
O
O
O

O
O
O
O
O
O
O
O
O
O
I-protein
B-protein
O
O
O
O
O
O
O
O
O
O
O
O
O
B-protein
I-protein
B-protein
O
O
O
O
O
O
O
O
O
O
O
O
O
O
O
O
O
O
O
O
O

O
O
O
O
O
O
O
O
O
O
O
O
O
O
O
O
O
O
O
O
O
O
O
I-cell_type
I-cell_type
B-cell_type
I-cell_type
O
O
O
O
O
O
O
O
I-cell_type
O
O
O
O
O
O

O
O
O
O
O
O
O
O
O
O
O
O
O
O
O
B-protein
I-protein
I-protein
O
B-protein
O
O
O

O
O
O
O
O
O
O
O
I-cell_line
I-cell_line
I-cell_line
I-cell_type
I-cell_type
I-cell_type
O
O
O
O
O

O
O
O
O
O
B-protein
O
O
O
B-protein
O
O
O
O
O
O
O
O
O
O
O
B-protein
O
O
O
O
O
O
B-protein
O

O
O
O
O
O
O
O
O
O
O
O
O
O
O
O
O
O
O
O
O
O
O
O
O
O
B-protein
O
O
O
O
O
O

O
O
O
O
O
O
O
O
O
O
O
O
O
O
O
O
O
O
O
O
O
O
O
O
O
O
O
O
O
O
O

O
O
O
O
O
O
O
B-cell_type
O
O
O
O
O
O
O
O
O
O
O
O

O
O
O
O
O
O
O
O
O
O
O
O
O
O
O
O
O
O
O
O
O
O
O
O
O

O
O
O
O
O
O
I-protein
I-protein
B-protein
O
O
I-protein
B-protein
O
O
O
O
O
O
O
O
O
O
O
B-cell_type
I-cell_type
O

O
B-DNA
I-DNA
O
O
O
O
O
O
O
O
B-DNA
O
O
O
I-DNA
I-DNA
O

O
B-DNA
I-DNA
O
O
O
O
O
O
O
O
B-cell_type
O
O
O
O
O
O
O
O
O
O
O
O
O
O
O
O
O
O
O
O

O
O
O
O
O
O
O
O
B-protein
O
B-cell_type
I-cell_type
O
O
B-protein
O
O
O
O
O
B-cell_line
O
I-cell_line
I-cell_line
I-cell_line
O
O
O
O
O
B-protein
O
O
O
O
I-protein
O

O
O
O
O
B-protein
O
B-protein
I-protein
O
O
O
O
O
O
O
O
O
O
O
O
O
O
B-protein
I-protein
I-protein
O
O
O

O
O
O
O
B-RNA
O
O
O
O
I-protein
O
O
O
O
O

O
O
O
O
O
O
O
O
I-protein
O
O
O
O
O
O
O
O
O
O
O
O
O

O
O
O
O
I-DNA
O
O
B-protein
I-protein
O
O
O
O
O
B-protein
I-protein
I-protein
O
O
O
O
O
O
O
O
O

O
O
O
O
O
O
O
O
B-protein
B-protein
I-protein
O
O
B-protein
O
O
O
O
O
O
O
O
O
O
O
B-cell_line
O
O
B-cell_line
O
I-cell_line
I-cell_line
I-cell_line
O
O
O
O
O
B-protein
I-protein
O
O
O
O
O
B-protein
O
O

O
O
O
O
O
O
O
O
O
O
B-protein
I-protein
B-protein
O
O
O
O
O
O
O
O
O
B-cell_line
I-cell_type
O

B-protein
O
O
O
O
B-protein
I-protein
I-protein
B-protein
O
O
O
O
O
O
O
O
O
O
O
O
O
O
B-cell_line
I-cell_line
I-cell_line
O
O
O
O
O
O
O
O
O
O
O
O
O
O
O
O
O
O
O
O
I-protein
I-protein
I-protein
I-protein
O
O
O
O
O
O
O
O
O
O
O
O
O

O
B-cell_line
I-cell_line
I-cell_line
O
O
O
O
O
O
I-protein
I-protein
O
O
O
O
O
O
O
O
O
O
O
B-protein
I-protein
O
O
O
O
O
O
B-protein
I-protein
O
O
O
O
O
O
O
O
O
O

B-protein
O
O
O
O
O
I-DNA
B-DNA
I-DNA
O
O
O
B-DNA
O
O
B-DNA
I-DNA
B-DNA
I-DNA
O
I-DNA
O
O
B-DNA
I-DNA
O

O
O
O
O
O
O
B-protein
O
O
O
O
O
O
B-DNA
I-DNA
O
O
O
O
O
O
O
O
O
O
O
O
O
O
O
O
O
B-DNA
I-DNA
O
O
O
O
O
O
O
B-protein
O

O
O
O
O
B-protein
O
O
O
O
B-DNA
I-DNA
O
B-DNA
I-DNA
O
O
O
O
O
O
B-protein
I-protein
O
B-cell_type
I-cell_type
O
O
O
O
O
O
O
O
I-DNA
B-DNA
I-DNA
O

O
O
O
O
O
O
O
O
O
O
O
O
O
O
O
B-cell_line
O
O
O
B-cell_type
I-cell_type
I-cell_type
O
O
O
O
O
O
O
O
O
O
O
O
O
O
O
O
O

B-protein
O
O
O
O
B-cell_line
B-protein
I-cell_line
I-cell_line
O
O
O
O
O
O
O
O
O
O
O
O
O
O
O
B-protein
I-protein
I-protein
I-protein
O

O
B-protein
I-protein
O
O
O
O
O
O
O
O
O
O
O
O
O
O
O
O
O

O
I-cell_type
I-cell_type
I-cell_type
O
O
O
O
B-cell_type
I-cell_type
I-cell_type
O
O
O
O
O
O
O
O
O
O
O
O
O
O
O
O
O
O
O
O
O
O
B-RNA
I-RNA
O
O
O
O
O
O
O
O
B-protein
I-protein
I-protein
O

O
O
O
O
O
O
B-protein
O
O
O
O
O
B-cell_type
I-cell_type
O

O
O
O
B-protein
I-protein
O
O
O
O
O
O
O
O
I-protein
O

O
O
O
I-DNA
O
O
O
O
O
O
O
O
O
O
B-protein
O
O
O
O
O
B-DNA
I-DNA
O
O
B-protein
I-protein
I-protein
O
O

O
O
O
O
O
O
O
O
B-protein
O
O
O
O
O
O
O
B-protein
I-protein
B-protein
O
B-protein
O
B-protein
O
O
O
O
B-protein
I-protein
I-protein
I-protein
O
B-protein
O
B-protein
O
O
O
O
O

B-protein
O
O
B-protein
I-protein
O
O
O
O
O
O
O
O
O
O
I-cell_type
O
O
I-cell_type
I-cell_type
I-protein
O

O
O
O
O
O
O
O
O
O
O
O
B-cell_type
O
O
O
O
O

O
O
O
O
O
O
O
O
O
I-protein
I-protein
O
O
O
O
O
O
O
O
O
O
O
O
O
O
O
O
O
O
O
B-protein
O
O
O
O
O
I-DNA
O
O
O
O
O
O
O
I-DNA
O
O

B-protein
O
O
O
O
O
O
O
O
O
O
O
O
O
O
O
O
O
O
B-RNA
I-RNA
O

B-protein
O
B-protein
O
B-protein
O
O
O
O
O
B-protein
O
I-DNA
B-DNA
O
B-cell_type
O
O
O
O
O
O
O
O
O
O
O
O
O
O
O

O
O
O
B-cell_type
I-cell_type
O
O
O
O
B-protein
I-protein
I-protein
O
O
O
O
O
O
O
O
O
O
O
O

O
B-protein
I-protein
O
O
B-protein
I-protein
I-protein
I-protein
I-protein
O
O
O
O
O
O
O
O
O
O
O
O
O
O
O
I-protein
I-protein
I-protein
O
O
O
O
O
I-protein
I-protein
O
O
O
O
O
O
O
O

O
O
O
O
O
O
O
O
B-protein
I-protein
I-protein
O
O
O
O
O
O
O
O
O
O
O
O
O
O
O

O
O
B-RNA
I-RNA
O
O
O
O
O
O
O
O
O
O

O
B-protein
O
O
O
B-protein
I-protein
O
B-protein
O
O
O
O
I-protein
O
O
O
O
O

B-protein
O
O
O
O
O
O
B-protein
O
O
O
O
O
O
O
O
O
O
O
O
O

O
O
O
O
O
O
O
O
B-protein
O
B-protein
O
O

O
O
O
O
B-protein
O
O
O
B-cell_type
I-cell_type
O
O
O
O
O
O
O
O
O
O
O
O
O
O
B-DNA
O
O
O
B-protein
O
B-protein
O

O
O
O
O
O
I-RNA
I-protein
B-protein
O
B-cell_line
I-cell_line
I-cell_line
O

O
O
O
O
O
O
O
B-protein
O
I-protein
I-protein
I-protein
O
O
O
O
O
O
O
B-protein
B-protein
O
O
O

B-protein
I-protein
I-protein
I-protein
B-protein
O
O
O
O
B-cell_type
I-protein
O

B-protein
O
O
O
O
O
O
O
O
O
B-protein
O
O
O
O
O
O
O
B-protein
O
O
O
O
B-protein
O
O
O
O
O
O
O
O
O
O
O
O
O
O
O

O
O
O
B-cell_type
I-cell_type
I-cell_type
O
B-cell_type
O
O
O
O
O
O
O
O
O
O
O
O
O
O

O
O
O
O
O
O
O
O
O
O
O
O
O
O
O
O
O
O
O
O
O
O
O
O
O
O
O
I-protein
O
O
O
O
O
O

O
O
O
O
O
O
O
O
O
O
O
O
O
O
B-protein
I-protein
O
B-DNA
O
I-DNA
O
B-protein
I-protein
O

B-protein
O
O
O
O
O
O
B-protein
I-protein
O
O
O
O
O
O
O
O
O
O
O
O
B-protein
O

O
O
O
O
O
O
O
O
O
O
O
O
B-protein
I-protein
B-protein
O
O
O
O
O
O
B-protein
O
O
O
O
O
O
O
O
B-cell_line
I-cell_line
O

B-protein
O
O
O
O
O
O
O
B-protein
B-cell_type
O
O
O
O
O
O
O
O
I-protein
I-protein
I-protein
O

B-cell_type
I-cell_type
I-cell_type
I-cell_type
I-cell_type
I-cell_type
I-cell_type
I-cell_type
B-DNA
O
I-cell_line
I-cell_line
I-cell_line
I-cell_line
I-cell_line
I-cell_line
I-cell_line
O
O
O

O
O
O
O
O
O
O
B-protein
O
O
O
O
O
O
O
B-cell_line
I-cell_type
I-cell_type
O
O
O
O
O
O
O
O
O
O
B-cell_line
I-cell_line
O

O
O
O
O
O
O
O
O
O
O
O
O
O
O
O
O
O
O
O
O
O
O
O
O
O
O
O
O
O
O
O
O

O
O
O
O
O
O
O
O
O
O
O
O
B-cell_type
I-cell_type
O
O
O

O
O
O
O
O
O
O
B-protein
I-protein
O
O
O
O
B-cell_line
I-cell_line
O

O
B-cell_line
I-cell_line
I-cell_line
O
O
O
O
O
O
O
O
O
B-protein
I-protein
O
O
O
O
O
O
O
O

O
O
O
O
O
O
B-protein
I-protein
I-protein
I-protein
O
B-cell_line
I-cell_type
O

B-protein
O
B-protein
O
O
I-protein
O
O
O
O
O
O
O
O

O
O
O
O
B-protein
O
O
O
O
B-protein
O
B-protein
O
O
B-cell_type
I-cell_type
I-cell_type
O
O
O
O
O
B-protein
O
O
O
O
O
O
O
O
O
B-protein
I-protein
I-protein
O
O
B-protein
O

O
O
O
O
O
O
O
O
O
B-cell_type
I-cell_type
I-cell_type
I-cell_type
O
O
B-cell_line
B-protein
I-cell_line
O

O
O
O
O
O
O
O
O
O
O
O
O
O
O
O
O
O
O
O
O
O
B-protein
I-cell_line
I-DNA
O
O
O
I-DNA
O
I-DNA
O
O
O
O
O
O
O
O
B-DNA
O
I-DNA
O

O
O
O
O
O
O
B-protein
O
O
O
O
O
O
O
O
O
O
O
O

I-protein
B-protein
O
O
O
O
O
I-DNA
O
O
O
O
B-protein
O
O
O
O
O
O
O
O
O

O
O
O
O
O
O
O
I-protein
O
O
O
O
O
O
O
B-protein
O
O
O

O
O
O
O
O
O
O
O
O
O
O
O
O
O
O
O
O
O
O
O
O
O
O

O
O
O
O
O
I-protein
I-protein
O
B-protein
O
O
O
O
O
B-protein
I-cell_line
B-RNA
I-protein
B-cell_type
O
O
O
O
O
O
B-protein
O
B-protein
O
O
O
O
O
O

O
O
O
O
O
O
O
O
O
O
B-protein
O
O
B-protein
O
O
O
O
B-protein
O
O
O
B-protein
I-protein
O
O
O
O
O
O
O
O
B-protein
O
O
O
O
O
O
O
O
O
B-protein
I-protein
I-protein
B-protein
I-protein
O
O
O
O
O
O

O
O
O
O
O
O
O
O
B-cell_type
I-cell_type
I-cell_type
B-cell_type
I-cell_type
O
O
O
O
O
O
O
O
O
O
O

B-protein
O
O
O
O
O
B-protein
I-protein
O
O
O
O
O
O
B-cell_type
I-cell_type
I-cell_type
O
O
O
O
B-protein
B-DNA
O
O
O
B-DNA
I-DNA
O

O
O
O
O
O
O
O
I-protein
O
O
O
O
O
O
B-protein
I-protein
I-protein
O
O
O
O
O
O

B-protein
O
O
O
O
O
O
O
O
O
O
O
O
O
O
O
O
O
I-DNA
I-DNA
O

B-protein
O
O
O
O
O
O
O
O
B-cell_line
O
I-cell_line
I-cell_line
I-cell_line
O
B-protein
I-protein
I-protein
O

B-protein
I-protein
O
O
B-protein
O
O
O
O
O
O
O
O
O
O
O
O
O
O
O
B-protein
O

B-protein
I-protein
O
O
O
B-cell_type
I-cell_type
O
O
O
O
O
O
O
O
O
O
O
O
O
O
O

O
O
O
O
B-cell_type
I-cell_type
O
O
O
O
O
O
O
O
B-protein
I-protein
O

O
O
O
O
O
O
O
O
O
O
O
O
O
O
O
O
O
O
B-protein
O
O
O
O
O
O
O
O
O

O
O
O
B-protein
I-protein
O
O
B-cell_line
I-cell_line
I-cell_line
O
O
O
O
O
B-protein
O
O

O
O
O
O
O
O
O
O
O
O
O
O
O
O
O
O
O
O
O
O
O
O

O
O
O
O
O
O
O
O
O
O
O
O
O
O
O
O
O
O
O
B-protein
B-protein
I-protein
O
O
O
O
O
O
O
O
I-cell_type
I-cell_type
I-cell_type
O

B-protein
O
O
O
O
O
O
O
O
O
O
O
O
O
O
O
O
O

O
O
O
B-protein
O
O
O
O
O
O
O
O
O
O
O
O
O
I-protein
I-protein
I-protein
O

O
O
O
O
B-protein
O
B-protein
O
O
O
O
O
O
O
O
O
O
O
O
O
O
B-cell_type
O
O

O
O
O
O
B-protein
I-protein
I-protein
I-protein
O
O
B-protein
B-DNA
O
O
O
B-protein
I-protein
O
O
O
O
O
O
O
O
O
O
O
O
O
O
O
O
O

O
O
O
O
O
O
O
O
O
O
O
O
O
O
O
B-protein
O
O
O
O
O
O
O
O
O
O
O
O
B-protein
O
O

B-protein
O
O
B-DNA
I-DNA
I-DNA
O
O
O
O
O
O
O
O
O
O
O
B-protein
I-protein
O
O
B-cell_type
I-cell_type
I-cell_type
O

O
O
B-protein
O
O
O
O
O
O
O
O
O
O
O
O
B-RNA
I-RNA
O
O
O
O
O
O
B-RNA
I-RNA
O
O
O
O

O
O
O
O
O
O
O
O
O
B-protein
I-protein
I-protein
I-protein
B-protein
I-protein
I-protein
O
O
O
O
O
O
O
O
B-cell_line
I-cell_type
I-cell_type
O

O
O
B-cell_line
I-cell_line
O
O
O
O
O
O
O
O
O
O
O
O
O
O
O
O
O
O
O
O
O
O
O
O
O
O
O
O
O
O
O
O

O
O
O
O
B-cell_line
I-cell_line
O
O
O
O
O
O
O
O
O
O
O
O
O
B-protein
O
O
O
O
O
O
O
O
O
O
O
B-RNA
I-RNA
I-RNA
O
O
O
O

O
O
O
O
O
O
O
O
O
O
O
O
O
B-protein
I-protein
B-cell_type
B-DNA
O
O
O
O
O
O
O
O
O
O
O
O
O
O
O
O
O
O
O
O

O
O
O
O
O
O
O
O
O
O
O
B-protein
I-protein
O
O
O
O
O
O
O
O
O
O
O
O
O
O
O
O
O
O
O

O
O
O
O
O
O
O
O
O
O
O
O
O
O
O
O
O
O
O
O
O
O
O
O
O
O
O
O
O
O
O
O
O
O

O
O
B-protein
I-protein
O
B-cell_type
O
B-cell_type
O

O
O
O
O
O
O
O
O
O
O
O
O
O
O
O
O
O
O
O
O
O
O
O
O

O
O
O
O
O
O
O
O
O
O
O
O
I-protein
B-cell_type
O
O
O
O
O
O
O
O
O
O
O
O
O
O
O
I-protein
I-protein
B-protein
O

O
B-DNA
I-DNA
I-DNA
I-DNA
O
I-DNA
B-DNA
O
O
O
O
B-cell_type
I-cell_type
O
O
O
O
B-protein
O
O
B-protein
O
B-protein
O

O
O
O
O
O
B-protein
I-protein
O
O
O
O
O
O
O
B-protein
O
O

O
O
O
B-DNA
I-DNA
I-DNA
I-DNA
O
O
O
O
O
O
B-cell_type
I-cell_type
O
O
O
O
O
O

B-protein
O
O
O
B-DNA
I-DNA
B-DNA
I-DNA
O
O
O
O
O

O
O
O
O
O
B-DNA
O
I-DNA
O
O
B-DNA
I-DNA
I-DNA
O
O
O
B-protein
O
O
O
O
O
O
O
O
O
O
O
O
O
O
O

O
O
O
O
I-protein
I-protein
O
O
O
O
B-DNA
I-DNA
O
O
B-protein
O
O
O
O
O
I-protein
I-protein
I-protein
O
O
O
O
O
O

O
O
O
O
O
O
O
O
O
O
O
O
O
O
O
O
O
O
O
O
O
O
O
O
O
O
O
O
O

O
O
O
B-cell_type
I-cell_type
O
B-cell_line
I-cell_type
O
O
O
O
B-cell_type
B-DNA
O
B-protein
O
O
O
O
O
O
O
O
O
O
O
O
O
I-cell_type
I-cell_type
O
O
O
O
O
O

O
O
O
O
O
O
O
O
B-protein
O
O
O
O
O
O
O
O
O

O
O
O
B-DNA
I-DNA
I-DNA
O
O
O
O
O
O
O

O
O
O
O
I-protein
B-protein
I-protein
O
O
O
O
O
O
I-DNA
O
O
O
O
O
O
O
O
O
I-DNA
I-DNA
O
O
B-DNA
O
I-DNA
O

B-protein
O
O
O
I-cell_type
O
O
O
O
O
O
O
O

O
O
O
O
B-protein
I-protein
O
O

O
O
O
O
O
O
O
B-protein
I-protein
I-protein
O
O
O
O
O
O
O
O
O
O
O

O
O
O
O
O
O
O
O
O
O
O
O
O
O
O
O
O
O
O
O
O
O
O
O
O
O

O
O
O
O
O
O
O
O
O
O
O

O
O
O
B-cell_line
I-cell_type
O
O
B-cell_line
I-cell_line
I-cell_line
I-cell_line
O
B-protein
I-cell_line
I-protein
O
O
O
O
I-protein
I-protein
I-protein
B-protein
I-protein
O
O
O
O
O
O
I-protein
I-protein
O

O
O
O
O
O
O
O
O
B-protein
I-protein
O
O
O
O
O
O
B-protein
O
O
O
O
O
O
O
B-protein
I-protein
O
O
O
O

O
B-protein
I-protein
O
O
O
O
I-DNA
I-DNA
I-DNA
O
B-cell_type
I-cell_type
I-cell_type
O

O
O
B-protein
O
O
O
O
O
O
O
O
O
O
B-cell_type
I-cell_type
I-cell_type
O

O
O
O
O
B-protein
O
I-protein
I-protein
O
O
B-protein
I-protein
O
O
O
B-protein
I-protein
I-protein
O

O
O
O
O
O
O
O
I-protein
I-protein
B-protein
I-protein
I-protein
O
O
O
B-protein
O
B-protein
O
O
O
O
O
O
O
O
O
O
I-protein
I-protein
O
O
O
O
O
O
O
B-protein
I-protein
I-protein
O

O
O
O
O
O
O
O
O
O
O
O
I-protein
B-protein
O
I-protein
B-protein
O
O
O
O
B-protein
O
O

O
O
O
O
O
B-protein
I-protein
O
O
O
O
O
O
O
O
O
O
O
B-protein
I-protein
I-protein
O
O
O
O
O
O
O
O
O
O

O
O
O
O
O
O
O
O
O
O
O
O
O
O
O
O
O
O
B-protein
I-protein
O
B-protein
O
O
B-protein
O

O
O
O
B-protein
I-protein
O
B-cell_line
O
I-cell_type
I-cell_type
I-cell_type
O

O
O
O
O
O
O
O
O
O
O
O
O
O
O
O
O
O
O
O
I-protein
I-protein
O
O
O
O
O
O
I-protein
I-protein
I-protein
B-protein
I-protein
O
O
O
O
O
B-protein
O
O
O

O
O
O
O
O
O
O
O
O
O
O
O
O
O
O
O
O
O
O
O
O
O
O
O
O
O
O
O
O
O
O
O
O
O
O
O
O
O
O
O
O

O
O
O
O
O
O
O
O
O

O
O
O
O
O
O
O
O
O
O
O
O
B-protein
O
O
O
O
O

O
O
O
B-RNA
I-RNA
O
O
B-protein
B-protein
O
O
O
B-protein
O
O
O
O
O
O
O
O
O
B-protein
O
O
O
O
O
O

O
O
O
O
O
O
O
O
O
B-protein
I-protein
I-protein
I-protein
O
O
O
O
O
O
B-protein
I-protein
O

O
O
O
O
O
O
O
O
O
O
O
O
B-protein
I-protein
O
O
O
O
O
O
I-cell_type
O
O
O
O
O
O
O
O
O
B-protein
I-protein
I-protein
I-protein
O
O
O
O
O
O
B-protein
I-protein
O
O
O
O
O
O
O
O
O
O

O
O
O
O
O
I-DNA
O
O
O
I-DNA
B-DNA
O
O
O
O
O
O
O
O
I-DNA
O
O
O
O
I-protein
I-protein
O

O
O
O
O
O
O
O
O
O
O
O
O
O
O
B-protein
O
O
O
O
O
O
B-protein
I-protein
O
O
O
O
O
B-protein
O
O
B-protein
O
O
O
O
O
O
B-cell_type
I-cell_type
O

O
O
O
O
O
O
B-protein
I-protein
O
O
O
I-protein
I-protein
O
O
O
O
O
O
O
B-protein
I-protein
O

O
O
O
O
O
O
O

O
O
O
O
O
O
O
O
O
O
O
O
O
O
O
O
O
O
O
O
O
O
O
O
O
O
O
O
O
O
O
O
O
O
O

O
B-cell_line
O
O
O
O
O
O
O
O
O
O
I-protein
O
O
O
O
O
O
O
O
O
O
O
O
O
O

O
O
O
O
O
O
O
O
O
O
O
O
O
O
O
O
B-protein
O
B-cell_type
I-cell_type
O
O
O
O
O
B-protein
I-protein
I-protein
O
I-protein
I-protein

O
O
O
O
B-protein
I-protein
O
B-protein
O
O
O
O
O
O
O
O
O
O
O
O
O
O
O
O
O
B-protein
O
O
O
O
O
O
O
O
O
O
O
O
O
O
O
O
O
O
O
O
O
O
O

O
O
O
O
O
O
O
O
O
O
O
O
O
B-protein
I-protein
I-protein
B-cell_type
B-DNA
O
O
O
O
O
O
O
O
O
O
O
O
O
O
O
O
O
O
O
O
O
O
O
O
O
O
O
O

O
O
O
O
O
O
O
O
O
O
O
O
O
O
O
O
O
O
O
O
O
O
O
B-protein
I-protein
O
O
O
O
O
O
O
B-protein
I-protein
O
O
O
O
O
O
O
O
O
O
O
O
O
O
O
O
O

O
O
O
O
O
O
I-protein
I-protein
O
O
O
O
O
O
O
B-cell_line
O

B-protein
I-protein
O
O
O
O
O
O
O
O
O
I-DNA
O
O
O
O
B-protein
I-protein
O
B-cell_type
O
I-cell_line
I-cell_line
O

O
O
O
O
O
O
B-cell_type
I-cell_line
O

O
O
O
O
O
O
O
O
O
O
O
O
O
B-cell_line
I-cell_type
O

O
B-protein
I-protein
O
O
O
O
O
O
O
O
O
O
B-protein
I-protein
I-protein
I-protein
I-protein
O

O
O
O
O
O
O
O
O
O
B-protein
O
O
O
O
O
B-protein
O

B-protein
I-protein
I-protein
O
O
O
I-cell_type
O
B-protein
O
O
B-cell_type
I-cell_type
I-cell_type
I-cell_type
O
O
O
O
O
O

O
O
O
O
O
O
O
O
O
O
O
O
O
O
O
O
O
O
O
O
O
O
O
O
O
B-DNA
I-DNA
I-DNA
O
O
B-protein
I-protein
O
B-protein
I-protein
O

O
O
O
O
O
B-protein
O
O
I-DNA
O
O
O
I-DNA
O
I-DNA
I-DNA
I-DNA
I-DNA
O
O
O
B-protein
I-cell_line
I-DNA
O
O
O
O
O
O
O
O
O
B-DNA
I-DNA
O
O
O
B-cell_line
I-cell_type
I-cell_type
O

O
O
O
O
O
O
I-cell_type
O
O
O
B-protein
O
O
O
O
O
O
O
O
O
B-protein
B-protein
I-protein
I-protein
I-protein
O
B-protein
I-protein
O
O
O
O
O
O
O
O

B-protein
B-DNA
O
O
B-protein
O
O
O
O
O
O
O
O
B-cell_line
O
I-cell_type
I-cell_type
O

